-- unfortunately - looks like the buffer was filled and the first 84 commands were no longer available... The more complicated stuff is all after this though...

85 accounts>db.bank_data.find({last_name: 'SMITH'}).count()
100
86 accounts>let smiths = db.bank_data.find({last_name: 'SMITH'})

87 accounts>let smiths = db.bank_data.find({last_name: 'SMITH'}).toArray()f

88 accounts>smiths
[
  {
    _id: ObjectId("641738cd863549711005bebc"),
    first_name: 'PAUL',
    last_name: 'SMITH',
    accounts: [
      {
        account_type: 'Checking',
        account_balance: 936484.1221326711,
        currency: 'YUAN'
      }
    ]
  },
  {
    _id: ObjectId("641738cd863549711005bebd"),
    first_name: 'KENNETH',
    last_name: 'SMITH',
    accounts: [
      {
        account_type: 'Investment',
        account_balance: 8984765.638846941,
        currency: 'YEN'
      }
    ]
  },
  {
    _id: ObjectId("641738cd863549711005bebe"),
    first_name: 'GEORGE',
    last_name: 'SMITH',
    accounts: [
      {
        account_type: 'Checking',
        account_balance: 7510049.716676093,
        currency: 'PESO'
      },
      {
        account_type: 'Investment',
        account_balance: 8978088.436168617,
        currency: 'USD'
      },
      {
        account_type: '401K',
        account_balance: 3536582.866462197,
        currency: 'YEN'
      },
      {
        account_type: 'Checking',
        account_balance: 4390095.46173461,
        currency: 'USD'
      }
    ]
  },
  {
    _id: ObjectId("641738cd863549711005bebf"),
    first_name: 'MICHAEL',
    last_name: 'SMITH',
    accounts: [
      {
        account_type: 'Checking',
        account_balance: 2819063.8844904397,
        currency: 'YEN'
      },
      {
        account_type: 'Checking',
        account_balance: 4131942.2529414617,
        currency: 'USD'
      },
      {
        account_type: 'Investment',
        account_balance: 3782509.0311059216,
        currency: 'EURO'
      },
      {
        account_type: 'Investment',
        account_balance: 6531886.9064971,
        currency: 'PESO'
      },
      {
        account_type: 'Investment',
        account_balance: 2105927.920320713,
        currency: 'EURO'
      },
      {
        account_type: 'Savings',
        account_balance: 4612959.380901612,
        currency: 'YUAN'
      }
    ]
  },
  {
    _id: ObjectId("641738cd863549711005bec0"),
    first_name: 'BRIAN',
    last_name: 'SMITH',
    accounts: [
      {
        account_type: '401K',
        account_balance: 149839.10500178766,
        currency: 'PESO'
      }
    ]
  },
  {
    _id: ObjectId("641738cd863549711005bec1"),
    first_name: 'MARK',
    last_name: 'SMITH',
    accounts: [
      {
        account_type: 'Savings',
        account_balance: 521640.39247602574,
        currency: 'USD'
      },
      {
        account_type: 'Investment',
        account_balance: 9896058.025694223,
        currency: 'POUNDS STERLING'
      },
      {
        account_type: 'Savings',
        account_balance: 6326316.032295041,
        currency: 'POUNDS STERLING'
      },
      {
        account_type: 'Investment',
        account_balance: 752161.7102783576,
        currency: 'PESO'
      },
      {
        account_type: 'Checking',
        account_balance: 496816.2525023853,
        currency: 'USD'
      },
      {
        account_type: 'Checking',
        account_balance: 7791969.069134079,
        currency: 'EURO'
      },
      {
        account_type: 'Checking',
        account_balance: 8401384.260885552,
        currency: 'POUNDS STERLING'
      }
    ]
  },
  {
    _id: ObjectId("641738cd863549711005bec2"),
    first_name: 'JOHN',
    last_name: 'SMITH',
    accounts: [
      {
        account_type: '401K',
        account_balance: 9059210.226195503,
        currency: 'YUAN'
      },
      {
        account_type: '401K',
        account_balance: 5926514.06875377,
        currency: 'PESO'
      },
      {
        account_type: 'Savings',
        account_balance: 8172876.597329946,
        currency: 'EURO'
      },
      {
        account_type: 'Investment',
        account_balance: 4320374.732933239,
        currency: 'POUNDS STERLING'
      },
      {
        account_type: 'Investment',
        account_balance: 9159979.449077135,
        currency: 'EURO'
      },
      {
        account_type: 'Investment',
        account_balance: 8923437.883474918,
        currency: 'USD'
      },
      {
        account_type: '401K',
        account_balance: 3810781.9932702538,
        currency: 'EURO'
      },
      {
        account_type: 'Investment',
        account_balance: 1803757.09787294,
        currency: 'YEN'
      },
      {
        account_type: 'Investment',
        account_balance: 4947925.350834157,
        currency: 'EURO'
      }
    ]
  },
  {
    _id: ObjectId("641738cd863549711005bec3"),
    first_name: 'STEVEN',
    last_name: 'SMITH',
    accounts: [
      {
        account_type: 'Investment',
        account_balance: 7606194.17605087,
        currency: 'EURO'
      },
      {
        account_type: 'Investment',
        account_balance: 2099711.775821766,
        currency: 'EURO'
      },
      {
        account_type: 'Investment',
        account_balance: 2961011.973269031,
        currency: 'YUAN'
      },
      {
        account_type: 'Savings',
        account_balance: 5830306.873168334,
        currency: 'USD'
      },
      {
        account_type: '401K',
        account_balance: 1542091.8696738125,
        currency: 'EURO'
      }
    ]
  },
  {
    _id: ObjectId("641738cd863549711005bec4"),
    first_name: 'WILLIAM',
    last_name: 'SMITH',
    accounts: [
      {
        account_type: '401K',
        account_balance: 2497138.738978415,
        currency: 'PESO'
      },
      {
        account_type: 'Checking',
        account_balance: 405606.12124239095,
        currency: 'PESO'
      },
      {
        account_type: 'Investment',
        account_balance: 9149015.783455048,
        currency: 'PESO'
      },
      {
        account_type: '401K',
        account_balance: 8797914.360492531,
        currency: 'YUAN'
      }
    ]
  },
  {
    _id: ObjectId("641738cd863549711005bec5"),
    first_name: 'KEVIN',
    last_name: 'SMITH',
    accounts: [
      {
        account_type: 'Savings',
        account_balance: 3309735.6787135843,
        currency: 'YEN'
      },
      {
        account_type: 'Investment',
        account_balance: 5631912.288049201,
        currency: 'EURO'
      },
      {
        account_type: 'Investment',
        account_balance: 7381293.096057707,
        currency: 'YUAN'
      },
      {
        account_type: '401K',
        account_balance: 6173279.399191128,
        currency: 'POUNDS STERLING'
      }
    ]
  },
  {
    _id: ObjectId("641738cd863549711005bec6"),
    first_name: 'EDWARD',
    last_name: 'SMITH',
    accounts: [
      {
        account_type: '401K',
        account_balance: 6577381.434625924,
        currency: 'YEN'
      },
      {
        account_type: 'Checking',
        account_balance: 8998935.759297138,
        currency: 'USD'
      },
      {
        account_type: 'Investment',
        account_balance: 588000.4045217587,
        currency: 'YUAN'
      },
      {
        account_type: 'Savings',
        account_balance: 6743563.754405159,
        currency: 'YUAN'
      },
      {
        account_type: '401K',
        account_balance: 8580650.627761671,
        currency: 'POUNDS STERLING'
      },
      {
        account_type: '401K',
        account_balance: 7687815.685781645,
        currency: 'YEN'
      },
      {
        account_type: 'Checking',
        account_balance: 9128407.633252997,
        currency: 'EURO'
      }
    ]
  },
  {
    _id: ObjectId("641738cd863549711005bec7"),
    first_name: 'ANTHONY',
    last_name: 'SMITH',
    accounts: [
      {
        account_type: 'Savings',
        account_balance: 8436439.162254475,
        currency: 'POUNDS STERLING'
      }
    ]
  },
  {
    _id: ObjectId("641738cd863549711005bec8"),
    first_name: 'MATTHEW',
    last_name: 'SMITH',
    accounts: [
      {
        account_type: 'Checking',
        account_balance: 7306262.434456466,
        currency: 'YUAN'
      },
      {
        account_type: 'Checking',
        account_balance: 4461773.357745899,
        currency: 'POUNDS STERLING'
      },
      {
        account_type: 'Investment',
        account_balance: 5690772.294958975,
        currency: 'PESO'
      },
      {
        account_type: 'Savings',
        account_balance: 6496898.361854982,
        currency: 'PESO'
      }
    ]
  },
  {
    _id: ObjectId("641738cd863549711005bec9"),
    first_name: 'RONALD',
    last_name: 'SMITH',
    accounts: [
      {
        account_type: 'Investment',
        account_balance: 2493283.6389967063,
        currency: 'YUAN'
      },
      {
        account_type: '401K',
        account_balance: 4633271.954959409,
        currency: 'YUAN'
      },
      {
        account_type: '401K',
        account_balance: 7348999.742797652,
        currency: 'YEN'
      },
      {
        account_type: '401K',
        account_balance: 2341998.38343059,
        currency: 'YEN'
      },
      {
        account_type: 'Investment',
        account_balance: 1407184.001435296,
        currency: 'POUNDS STERLING'
      },
      {
        account_type: '401K',
        account_balance: 7393776.875547295,
        currency: 'PESO'
      },
      {
        account_type: 'Investment',
        account_balance: 5511508.002603683,
        currency: 'USD'
      },
      {
        account_type: 'Investment',
        account_balance: 7639752.530667685,
        currency: 'EURO'
      }
    ]
  },
  {
    _id: ObjectId("641738cd863549711005beca"),
    first_name: 'DAVID',
    last_name: 'SMITH',
    accounts: [
      {
        account_type: 'Savings',
        account_balance: 8857597.106995674,
        currency: 'POUNDS STERLING'
      },
      {
        account_type: 'Checking',
        account_balance: 471237.47356353,
        currency: 'USD'
      },
      {
        account_type: 'Investment',
        account_balance: 2834734.162895667,
        currency: 'USD'
      },
      {
        account_type: '401K',
        account_balance: 6177092.375456998,
        currency: 'USD'
      }
    ]
  },
  {
    _id: ObjectId("641738cd863549711005becb"),
    first_name: 'JASON',
    last_name: 'SMITH',
    accounts: [
      {
        account_type: 'Savings',
        account_balance: 9144369.80675037,
        currency: 'YEN'
      },
      {
        account_type: '401K',
        account_balance: 1201940.1494810788,
        currency: 'POUNDS STERLING'
      },
      {
        account_type: '401K',
        account_balance: 6203406.088905666,
        currency: 'POUNDS STERLING'
      },
      {
        account_type: '401K',
        account_balance: 1755689.7844041009,
        currency: 'YEN'
      },
      {
        account_type: '401K',
        account_balance: 2835552.8116550343,
        currency: 'YUAN'
      },
      {
        account_type: 'Checking',
        account_balance: 6295930.7888331935,
        currency: 'EURO'
      },
      {
        account_type: '401K',
        account_balance: 5688160.9761512885,
        currency: 'EURO'
      }
    ]
  },
  {
    _id: ObjectId("641738cd863549711005becc"),
    first_name: 'JEFFREY',
    last_name: 'SMITH',
    accounts: [
      {
        account_type: 'Checking',
        account_balance: 6530548.144399805,
        currency: 'EURO'
      },
      {
        account_type: 'Savings',
        account_balance: 1172979.7013590587,
        currency: 'EURO'
      }
    ]
  },
  {
    _id: ObjectId("641738cd863549711005becd"),
    first_name: 'GARY',
    last_name: 'SMITH',
    accounts: [
      {
        account_type: 'Checking',
        account_balance: 1689550.581933809,
        currency: 'YEN'
      },
      {
        account_type: 'Checking',
        account_balance: 3234528.345237606,
        currency: 'USD'
      },
      {
        account_type: '401K',
        account_balance: 4094713.0255713062,
        currency: 'YEN'
      },
      {
        account_type: '401K',
        account_balance: 1090153.707606369,
        currency: 'YUAN'
      },
      {
        account_type: 'Savings',
        account_balance: 5456246.332395777,
        currency: 'YEN'
      },
      {
        account_type: '401K',
        account_balance: 3844311.2999388725,
        currency: 'POUNDS STERLING'
      },
      {
        account_type: 'Checking',
        account_balance: 5454424.98227164,
        currency: 'YUAN'
      },
      {
        account_type: 'Investment',
        account_balance: 5096100.250082415,
        currency: 'PESO'
      }
    ]
  },
  {
    _id: ObjectId("641738cd863549711005bece"),
    first_name: 'TIMOTHY',
    last_name: 'SMITH',
    accounts: [
      {
        account_type: '401K',
        account_balance: 2750672.5882634055,
        currency: 'YUAN'
      },
      {
        account_type: '401K',
        account_balance: 8336773.079210629,
        currency: 'POUNDS STERLING'
      },
      {
        account_type: 'Investment',
        account_balance: 6818811.139404453,
        currency: 'POUNDS STERLING'
      },
      {
        account_type: '401K',
        account_balance: 4600906.8572719935,
        currency: 'YEN'
      },
      {
        account_type: '401K',
        account_balance: 8328683.085939264,
        currency: 'YEN'
      },
      {
        account_type: '401K',
        account_balance: 9428489.727548812,
        currency: 'USD'
      },
      {
        account_type: 'Investment',
        account_balance: 3992429.8844449804,
        currency: 'EURO'
      }
    ]
  },
  {
    _id: ObjectId("641738cd863549711005becf"),
    first_name: 'ROBERT',
    last_name: 'SMITH',
    accounts: [
      {
        account_type: 'Investment',
        account_balance: 3465277.443564153,
        currency: 'PESO'
      },
      {
        account_type: '401K',
        account_balance: 6001520.415853325,
        currency: 'USD'
      },
      {
        account_type: 'Investment',
        account_balance: 1739276.2966888128,
        currency: 'USD'
      },
      {
        account_type: 'Checking',
        account_balance: 7704684.832334223,
        currency: 'YUAN'
      }
    ]
  },
  {
    _id: ObjectId("641738cd863549711005bed0"),
    first_name: 'DONALD',
    last_name: 'SMITH',
    accounts: [
      {
        account_type: 'Savings',
        account_balance: 9075817.291616874,
        currency: 'YUAN'
      },
      {
        account_type: '401K',
        account_balance: 3447555.7155175945,
        currency: 'POUNDS STERLING'
      }
    ]
  },
  {
    _id: ObjectId("641738cd863549711005bed1"),
    first_name: 'LARRY',
    last_name: 'SMITH',
    accounts: [
      {
        account_type: 'Investment',
        account_balance: 3759078.6501504136,
        currency: 'USD'
      },
      {
        account_type: 'Savings',
        account_balance: 6219062.553470187,
        currency: 'POUNDS STERLING'
      },
      {
        account_type: 'Savings',
        account_balance: 6933533.137680473,
        currency: 'YEN'
      },
      {
        account_type: 'Savings',
        account_balance: 4451684.485658975,
        currency: 'YEN'
      },
      {
        account_type: 'Savings',
        account_balance: 895803.2180684174,
        currency: 'EURO'
      },
      {
        account_type: '401K',
        account_balance: 6014295.063652024,
        currency: 'EURO'
      },
      {
        account_type: '401K',
        account_balance: 2105122.8409299008,
        currency: 'EURO'
      },
      {
        account_type: 'Investment',
        account_balance: 7335379.207385309,
        currency: 'YUAN'
      }
    ]
  },
  {
    _id: ObjectId("641738cd863549711005bed2"),
    first_name: 'CHARLES',
    last_name: 'SMITH',
    accounts: [
      {
        account_type: '401K',
        account_balance: 7959552.738209671,
        currency: 'PESO'
      },
      {
        account_type: 'Savings',
        account_balance: 7586797.95113736,
        currency: 'USD'
      },
      {
        account_type: '401K',
        account_balance: 3000642.5318386676,
        currency: 'YUAN'
      },
      {
        account_type: 'Savings',
        account_balance: 8510528.056592602,
        currency: 'POUNDS STERLING'
      },
      {
        account_type: 'Savings',
        account_balance: 9792223.997477302,
        currency: 'EURO'
      },
      {
        account_type: 'Savings',
        account_balance: 2541888.2929410744,
        currency: 'POUNDS STERLING'
      }
    ]
  },
  {
    _id: ObjectId("641738cd863549711005bed3"),
    first_name: 'JAMES',
    last_name: 'SMITH',
    accounts: [
      {
        account_type: 'Savings',
        account_balance: 8995952.153640702,
        currency: 'PESO'
      },
      {
        account_type: 'Checking',
        account_balance: 3901436.5580737568,
        currency: 'USD'
      }
    ]
  },
  {
    _id: ObjectId("641738cd863549711005bed4"),
    first_name: 'CHRISTOPHER',
    last_name: 'SMITH',
    accounts: [
      {
        account_type: 'Savings',
        account_balance: 1870338.5807330757,
        currency: 'POUNDS STERLING'
      },
      {
        account_type: 'Checking',
        account_balance: 5098043.412530517,
        currency: 'POUNDS STERLING'
      },
      {
        account_type: 'Checking',
        account_balance: 3042158.5783834355,
        currency: 'YEN'
      },
      {
        account_type: 'Investment',
        account_balance: 2721431.0181220435,
        currency: 'PESO'
      },
      {
        account_type: 'Savings',
        account_balance: 2135388.570106006,
        currency: 'USD'
      },
      {
        account_type: 'Savings',
        account_balance: 2416831.8654360515,
        currency: 'PESO'
      },
      {
        account_type: 'Savings',
        account_balance: 405349.36727577704,
        currency: 'POUNDS STERLING'
      },
      {
        account_type: 'Investment',
        account_balance: 6140519.315997784,
        currency: 'YEN'
      }
    ]
  },
  {
    _id: ObjectId("641738cd863549711005bed5"),
    first_name: 'ERIC',
    last_name: 'SMITH',
    accounts: [
      {
        account_type: 'Checking',
        account_balance: 5708037.488725111,
        currency: 'YUAN'
      },
      {
        account_type: 'Investment',
        account_balance: 3233489.8810895467,
        currency: 'PESO'
      }
    ]
  },
  {
    _id: ObjectId("641738cd863549711005bed6"),
    first_name: 'JOSE',
    last_name: 'SMITH',
    accounts: [
      {
        account_type: 'Investment',
        account_balance: 6609320.603617963,
        currency: 'YUAN'
      },
      {
        account_type: 'Investment',
        account_balance: 647398.8415543658,
        currency: 'YEN'
      },
      {
        account_type: 'Investment',
        account_balance: 8929671.450689185,
        currency: 'YUAN'
      },
      {
        account_type: 'Savings',
        account_balance: 8185125.893101759,
        currency: 'PESO'
      },
      {
        account_type: 'Checking',
        account_balance: 5491299.946211371,
        currency: 'YUAN'
      },
      {
        account_type: '401K',
        account_balance: 5548263.96215673,
        currency: 'EURO'
      },
      {
        account_type: 'Savings',
        account_balance: 9867639.877339946,
        currency: 'EURO'
      },
      {
        account_type: 'Investment',
        account_balance: 8460019.334789598,
        currency: 'PESO'
      }
    ]
  },
  {
    _id: ObjectId("641738cd863549711005bed7"),
    first_name: 'FRANK',
    last_name: 'SMITH',
    accounts: [
      {
        account_type: 'Savings',
        account_balance: 3391089.6451067976,
        currency: 'YUAN'
      },
      {
        account_type: '401K',
        account_balance: 8561220.253581073,
        currency: 'EURO'
      },
      {
        account_type: 'Checking',
        account_balance: 2294882.8419566215,
        currency: 'YUAN'
      },
      {
        account_type: 'Savings',
        account_balance: 4393639.877193107,
        currency: 'POUNDS STERLING'
      },
      {
        account_type: 'Investment',
        account_balance: 9308663.784051068,
        currency: 'YEN'
      }
    ]
  },
  {
    _id: ObjectId("641738cd863549711005bed8"),
    first_name: 'THOMAS',
    last_name: 'SMITH',
    accounts: [
      {
        account_type: 'Investment',
        account_balance: 936130.4617335526,
        currency: 'EURO'
      },
      {
        account_type: '401K',
        account_balance: 4173144.9420674974,
        currency: 'EURO'
      },
      {
        account_type: '401K',
        account_balance: 8282074.554095908,
        currency: 'POUNDS STERLING'
      },
      {
        account_type: 'Savings',
        account_balance: 7890796.5475060865,
        currency: 'POUNDS STERLING'
      },
      {
        account_type: 'Savings',
        account_balance: 4747966.686441477,
        currency: 'PESO'
      }
    ]
  },
  {
    _id: ObjectId("641738cd863549711005bed9"),
    first_name: 'SCOTT',
    last_name: 'SMITH',
    accounts: [
      {
        account_type: '401K',
        account_balance: 1473176.1946518857,
        currency: 'EURO'
      },
      {
        account_type: 'Savings',
        account_balance: 177682.7833815054,
        currency: 'YUAN'
      },
      {
        account_type: 'Investment',
        account_balance: 6405889.286820596,
        currency: 'YEN'
      },
      {
        account_type: '401K',
        account_balance: 8609971.632725786,
        currency: 'PESO'
      },
      {
        account_type: 'Investment',
        account_balance: 6168197.838305248,
        currency: 'YUAN'
      },
      {
        account_type: '401K',
        account_balance: 9907911.718958965,
        currency: 'POUNDS STERLING'
      },
      {
        account_type: 'Savings',
        account_balance: 5830650.2890201565,
        currency: 'PESO'
      },
      {
        account_type: '401K',
        account_balance: 8811181.638302729,
        currency: 'USD'
      },
      {
        account_type: '401K',
        account_balance: 3821459.5775807844,
        currency: 'POUNDS STERLING'
      }
    ]
  },
  {
    _id: ObjectId("641738cd863549711005beda"),
    first_name: 'RICHARD',
    last_name: 'SMITH',
    accounts: [
      {
        account_type: 'Checking',
        account_balance: 714872.2542833243,
        currency: 'EURO'
      },
      {
        account_type: 'Investment',
        account_balance: 4812651.936193353,
        currency: 'YUAN'
      },
      {
        account_type: 'Investment',
        account_balance: 2862753.076585194,
        currency: 'PESO'
      },
      {
        account_type: '401K',
        account_balance: 7518653.660258865,
        currency: 'EURO'
      },
      {
        account_type: 'Checking',
        account_balance: 2349544.575176711,
        currency: 'YEN'
      },
      {
        account_type: 'Checking',
        account_balance: 8443090.325156216,
        currency: 'YEN'
      },
      {
        account_type: 'Investment',
        account_balance: 745273.1369779429,
        currency: 'PESO'
      },
      {
        account_type: 'Checking',
        account_balance: 8711574.840919748,
        currency: 'POUNDS STERLING'
      }
    ]
  },
  {
    _id: ObjectId("641738cd863549711005bedb"),
    first_name: 'JOSEPH',
    last_name: 'SMITH',
    accounts: [
      {
        account_type: 'Savings',
        account_balance: 4622864.137518865,
        currency: 'YEN'
      },
      {
        account_type: 'Savings',
        account_balance: 6580439.762613354,
        currency: 'EURO'
      },
      {
        account_type: 'Investment',
        account_balance: 9045715.151562946,
        currency: 'POUNDS STERLING'
      },
      {
        account_type: 'Checking',
        account_balance: 8273872.604220738,
        currency: 'YUAN'
      },
      {
        account_type: '401K',
        account_balance: 8996205.352283742,
        currency: 'USD'
      },
      {
        account_type: '401K',
        account_balance: 2691894.235052195,
        currency: 'YUAN'
      }
    ]
  },
  {
    _id: ObjectId("641738cd863549711005bedc"),
    first_name: 'ANDREW',
    last_name: 'SMITH',
    accounts: [
      {
        account_type: 'Investment',
        account_balance: 6564642.067651129,
        currency: 'PESO'
      },
      {
        account_type: 'Savings',
        account_balance: 5084316.701698672,
        currency: 'PESO'
      },
      {
        account_type: '401K',
        account_balance: 1781721.3490503912,
        currency: 'USD'
      }
    ]
  },
  {
    _id: ObjectId("641738cd863549711005bedd"),
    first_name: 'GREGORY',
    last_name: 'SMITH',
    accounts: [
      {
        account_type: 'Savings',
        account_balance: 2569907.038992555,
        currency: 'YUAN'
      },
      {
        account_type: 'Investment',
        account_balance: 6160347.143688887,
        currency: 'EURO'
      },
      {
        account_type: 'Checking',
        account_balance: 193573.47555011907,
        currency: 'YUAN'
      }
    ]
  },
  {
    _id: ObjectId("641738cd863549711005bede"),
    first_name: 'STEPHEN',
    last_name: 'SMITH',
    accounts: [
      {
        account_type: 'Investment',
        account_balance: 2355138.745269624,
        currency: 'PESO'
      },
      {
        account_type: 'Investment',
        account_balance: 7257558.34321075,
        currency: 'YUAN'
      },
      {
        account_type: '401K',
        account_balance: 9789208.279821705,
        currency: 'PESO'
      },
      {
        account_type: 'Investment',
        account_balance: 6500497.948857283,
        currency: 'PESO'
      },
      {
        account_type: 'Savings',
        account_balance: 3840263.4092185786,
        currency: 'USD'
      },
      {
        account_type: '401K',
        account_balance: 2338668.7309363224,
        currency: 'YEN'
      },
      {
        account_type: 'Checking',
        account_balance: 843361.8251650636,
        currency: 'USD'
      },
      {
        account_type: 'Savings',
        account_balance: 8284152.218136787,
        currency: 'USD'
      },
      {
        account_type: 'Investment',
        account_balance: 1293129.6961859262,
        currency: 'POUNDS STERLING'
      }
    ]
  },
  {
    _id: ObjectId("641738cd863549711005bedf"),
    first_name: 'RAYMOND',
    last_name: 'SMITH',
    accounts: [
      {
        account_type: 'Checking',
        account_balance: 7154717.13502707,
        currency: 'YUAN'
      },
      {
        account_type: 'Investment',
        account_balance: 6874010.299247401,
        currency: 'YEN'
      },
      {
        account_type: 'Savings',
        account_balance: 8472491.191023117,
        currency: 'PESO'
      },
      {
        account_type: 'Savings',
        account_balance: 9257189.639393922,
        currency: 'PESO'
      },
      {
        account_type: 'Savings',
        account_balance: 1596264.0625447354,
        currency: 'YUAN'
      },
      {
        account_type: 'Checking',
        account_balance: 8371425.206889373,
        currency: 'YEN'
      }
    ]
  },
  {
    _id: ObjectId("641738cd863549711005bee0"),
    first_name: 'PATRICK',
    last_name: 'SMITH',
    accounts: [
      {
        account_type: 'Checking',
        account_balance: 8379175.33963249,
        currency: 'POUNDS STERLING'
      }
    ]
  },
  {
    _id: ObjectId("641738cd863549711005bee1"),
    first_name: 'JOSHUA',
    last_name: 'SMITH',
    accounts: [
      {
        account_type: '401K',
        account_balance: 2576445.1044204514,
        currency: 'POUNDS STERLING'
      },
      {
        account_type: 'Checking',
        account_balance: 4112251.555500838,
        currency: 'USD'
      },
      {
        account_type: 'Checking',
        account_balance: 2551297.8118438795,
        currency: 'EURO'
      },
      {
        account_type: '401K',
        account_balance: 3615949.053075526,
        currency: 'YUAN'
      },
      {
        account_type: '401K',
        account_balance: 7038231.230597571,
        currency: 'POUNDS STERLING'
      },
      {
        account_type: '401K',
        account_balance: 9685695.250524476,
        currency: 'EURO'
      },
      {
        account_type: '401K',
        account_balance: 4046890.1423443444,
        currency: 'POUNDS STERLING'
      },
      {
        account_type: 'Investment',
        account_balance: 7322304.794819496,
        currency: 'USD'
      }
    ]
  },
  {
    _id: ObjectId("641738cd863549711005bee2"),
    first_name: 'WALTER',
    last_name: 'SMITH',
    accounts: [
      {
        account_type: 'Investment',
        account_balance: 1532954.0384936118,
        currency: 'YEN'
      },
      {
        account_type: 'Savings',
        account_balance: 8898532.290037047,
        currency: 'PESO'
      },
      {
        account_type: '401K',
        account_balance: 8446439.24438432,
        currency: 'EURO'
      },
      {
        account_type: 'Investment',
        account_balance: 7267786.247774322,
        currency: 'YEN'
      },
      {
        account_type: 'Savings',
        account_balance: 3604354.9426694363,
        currency: 'USD'
      },
      {
        account_type: 'Investment',
        account_balance: 7973781.371323074,
        currency: 'POUNDS STERLING'
      },
      {
        account_type: 'Checking',
        account_balance: 2723171.5317830946,
        currency: 'YEN'
      }
    ]
  },
  {
    _id: ObjectId("641738cd863549711005bee3"),
    first_name: 'JERRY',
    last_name: 'SMITH',
    accounts: [
      {
        account_type: 'Checking',
        account_balance: 5356347.344225762,
        currency: 'EURO'
      },
      {
        account_type: 'Checking',
        account_balance: 6969942.184265779,
        currency: 'POUNDS STERLING'
      },
      {
        account_type: 'Checking',
        account_balance: 798515.9957408805,
        currency: 'YUAN'
      },
      {
        account_type: 'Savings',
        account_balance: 5938737.790410241,
        currency: 'USD'
      },
      {
        account_type: 'Savings',
        account_balance: 870021.9975617621,
        currency: 'YUAN'
      },
      {
        account_type: 'Investment',
        account_balance: 7407830.787906559,
        currency: 'POUNDS STERLING'
      },
      {
        account_type: 'Checking',
        account_balance: 5984308.165441955,
        currency: 'YEN'
      },
      {
        account_type: 'Checking',
        account_balance: 2751767.3136025714,
        currency: 'POUNDS STERLING'
      }
    ]
  },
  {
    _id: ObjectId("641738cd863549711005bee4"),
    first_name: 'DANIEL',
    last_name: 'SMITH',
    accounts: [
      {
        account_type: '401K',
        account_balance: 8382349.386766551,
        currency: 'PESO'
      },
      {
        account_type: 'Savings',
        account_balance: 6605864.850059703,
        currency: 'YUAN'
      },
      {
        account_type: 'Savings',
        account_balance: 3849188.922156063,
        currency: 'YEN'
      },
      {
        account_type: '401K',
        account_balance: 4040933.2733676303,
        currency: 'YUAN'
      },
      {
        account_type: 'Savings',
        account_balance: 6169503.517499695,
        currency: 'YUAN'
      },
      {
        account_type: '401K',
        account_balance: 7641660.104955465,
        currency: 'EURO'
      },
      {
        account_type: 'Checking',
        account_balance: 6103871.976585753,
        currency: 'YEN'
      },
      {
        account_type: '401K',
        account_balance: 5707269.0824853135,
        currency: 'YEN'
      }
    ]
  },
  {
    _id: ObjectId("641738cd863549711005bee5"),
    first_name: 'DENNIS',
    last_name: 'SMITH',
    accounts: [
      {
        account_type: 'Savings',
        account_balance: 778479.9243429175,
        currency: 'USD'
      },
      {
        account_type: 'Investment',
        account_balance: 5677426.921102093,
        currency: 'EURO'
      },
      {
        account_type: 'Savings',
        account_balance: 3653420.0610750997,
        currency: 'POUNDS STERLING'
      },
      {
        account_type: 'Checking',
        account_balance: 8111720.978292176,
        currency: 'POUNDS STERLING'
      },
      {
        account_type: 'Checking',
        account_balance: 6911162.292044167,
        currency: 'YEN'
      },
      {
        account_type: 'Investment',
        account_balance: 1512410.3614186475,
        currency: 'YEN'
      },
      {
        account_type: 'Savings',
        account_balance: 9182811.597364968,
        currency: 'POUNDS STERLING'
      },
      {
        account_type: 'Savings',
        account_balance: 7637600.740342199,
        currency: 'EURO'
      },
      {
        account_type: 'Investment',
        account_balance: 1798895.0264128838,
        currency: 'YEN'
      }
    ]
  },
  {
    _id: ObjectId("641738cd863549711005bee6"),
    first_name: 'DOUGLAS',
    last_name: 'SMITH',
    accounts: [
      {
        account_type: 'Investment',
        account_balance: 3191153.9936926356,
        currency: 'USD'
      },
      {
        account_type: 'Investment',
        account_balance: 8218969.947187914,
        currency: 'YUAN'
      },
      {
        account_type: '401K',
        account_balance: 3981118.083494397,
        currency: 'EURO'
      }
    ]
  },
  {
    _id: ObjectId("641738cd863549711005bee7"),
    first_name: 'PETER',
    last_name: 'SMITH',
    accounts: [
      {
        account_type: 'Checking',
        account_balance: 2945775.055512581,
        currency: 'POUNDS STERLING'
      },
      {
        account_type: 'Savings',
        account_balance: 9387533.36623421,
        currency: 'YEN'
      },
      {
        account_type: 'Savings',
        account_balance: 9554579.834532645,
        currency: 'USD'
      },
      {
        account_type: 'Savings',
        account_balance: 8499897.653078984,
        currency: 'POUNDS STERLING'
      },
      {
        account_type: 'Savings',
        account_balance: 5767262.432020949,
        currency: 'POUNDS STERLING'
      },
      {
        account_type: 'Savings',
        account_balance: 2260917.625143932,
        currency: 'EURO'
      },
      {
        account_type: 'Investment',
        account_balance: 4779649.182957621,
        currency: 'PESO'
      },
      {
        account_type: 'Savings',
        account_balance: 5050979.459337104,
        currency: 'PESO'
      }
    ]
  },
  {
    _id: ObjectId("641738cd863549711005bee8"),
    first_name: 'HENRY',
    last_name: 'SMITH',
    accounts: [
      {
        account_type: 'Checking',
        account_balance: 6730721.159646517,
        currency: 'POUNDS STERLING'
      },
      {
        account_type: 'Checking',
        account_balance: 9896870.693034953,
        currency: 'YUAN'
      },
      {
        account_type: 'Savings',
        account_balance: 7346447.914541776,
        currency: 'YUAN'
      }
    ]
  },
  {
    _id: ObjectId("641738cd863549711005bee9"),
    first_name: 'HAROLD',
    last_name: 'SMITH',
    accounts: [
      {
        account_type: 'Checking',
        account_balance: 8160498.511300475,
        currency: 'EURO'
      },
      {
        account_type: '401K',
        account_balance: 8388616.008943994,
        currency: 'POUNDS STERLING'
      },
      {
        account_type: 'Savings',
        account_balance: 8554720.84967769,
        currency: 'POUNDS STERLING'
      },
      {
        account_type: 'Savings',
        account_balance: 829902.0453262492,
        currency: 'USD'
      },
      {
        account_type: 'Savings',
        account_balance: 1760341.4910703457,
        currency: 'YEN'
      },
      {
        account_type: '401K',
        account_balance: 545689.5743562116,
        currency: 'YEN'
      },
      {
        account_type: 'Checking',
        account_balance: 7843841.046815641,
        currency: 'POUNDS STERLING'
      }
    ]
  },
  {
    _id: ObjectId("641738cd863549711005beea"),
    first_name: 'CARL',
    last_name: 'SMITH',
    accounts: [
      {
        account_type: '401K',
        account_balance: 2062346.9851512057,
        currency: 'EURO'
      },
      {
        account_type: 'Investment',
        account_balance: 920035.6097071606,
        currency: 'PESO'
      }
    ]
  },
  {
    _id: ObjectId("641738cd863549711005beeb"),
    first_name: 'JOE',
    last_name: 'SMITH',
    accounts: [
      {
        account_type: 'Investment',
        account_balance: 1895471.7218645413,
        currency: 'PESO'
      },
      {
        account_type: '401K',
        account_balance: 2562095.2224331843,
        currency: 'POUNDS STERLING'
      },
      {
        account_type: 'Savings',
        account_balance: 9248953.416851433,
        currency: 'POUNDS STERLING'
      },
      {
        account_type: 'Savings',
        account_balance: 1828282.3997453344,
        currency: 'POUNDS STERLING'
      },
      {
        account_type: 'Checking',
        account_balance: 5564024.644035234,
        currency: 'PESO'
      }
    ]
  },
  {
    _id: ObjectId("641738cd863549711005beec"),
    first_name: 'RYAN',
    last_name: 'SMITH',
    accounts: [
      {
        account_type: '401K',
        account_balance: 9938199.841784136,
        currency: 'PESO'
      },
      {
        account_type: '401K',
        account_balance: 6374727.69526649,
        currency: 'USD'
      },
      {
        account_type: 'Checking',
        account_balance: 9075044.284644017,
        currency: 'POUNDS STERLING'
      },
      {
        account_type: 'Investment',
        account_balance: 2157188.2030681306,
        currency: 'POUNDS STERLING'
      },
      {
        account_type: 'Savings',
        account_balance: 2088514.2248565985,
        currency: 'POUNDS STERLING'
      },
      {
        account_type: 'Investment',
        account_balance: 6170070.220244758,
        currency: 'EURO'
      }
    ]
  },
  {
    _id: ObjectId("641738cd863549711005beed"),
    first_name: 'JUAN',
    last_name: 'SMITH',
    accounts: [
      {
        account_type: 'Investment',
        account_balance: 6171950.769882431,
        currency: 'PESO'
      },
      {
        account_type: '401K',
        account_balance: 8845623.217251472,
        currency: 'POUNDS STERLING'
      }
    ]
  },
  {
    _id: ObjectId("641738cd863549711005beee"),
    first_name: 'ROGER',
    last_name: 'SMITH',
    accounts: [
      {
        account_type: '401K',
        account_balance: 796487.5101836363,
        currency: 'PESO'
      },
      {
        account_type: '401K',
        account_balance: 7362643.803415878,
        currency: 'EURO'
      },
      {
        account_type: '401K',
        account_balance: 5450017.9037533,
        currency: 'EURO'
      },
      {
        account_type: 'Checking',
        account_balance: 2386397.1245126184,
        currency: 'YUAN'
      },
      {
        account_type: 'Investment',
        account_balance: 8201096.536977101,
        currency: 'USD'
      },
      {
        account_type: 'Savings',
        account_balance: 6588340.723032347,
        currency: 'USD'
      },
      {
        account_type: 'Savings',
        account_balance: 450320.6737778904,
        currency: 'YUAN'
      },
      {
        account_type: 'Investment',
        account_balance: 6558147.592771979,
        currency: 'YUAN'
      }
    ]
  },
  {
    _id: ObjectId("641738cd863549711005beef"),
    first_name: 'ARTHUR',
    last_name: 'SMITH',
    accounts: [
      {
        account_type: 'Investment',
        account_balance: 4981246.262456013,
        currency: 'PESO'
      },
      {
        account_type: 'Checking',
        account_balance: 7848307.483172338,
        currency: 'USD'
      },
      {
        account_type: 'Checking',
        account_balance: 7874020.644960353,
        currency: 'EURO'
      },
      {
        account_type: 'Savings',
        account_balance: 4352580.569819708,
        currency: 'YEN'
      },
      {
        account_type: 'Checking',
        account_balance: 2234254.9311916153,
        currency: 'POUNDS STERLING'
      },
      {
        account_type: 'Savings',
        account_balance: 2255783.20472231,
        currency: 'YEN'
      },
      {
        account_type: 'Savings',
        account_balance: 5112111.231862736,
        currency: 'USD'
      },
      {
        account_type: '401K',
        account_balance: 7713431.696665003,
        currency: 'YEN'
      }
    ]
  },
  {
    _id: ObjectId("641738cd863549711005bef0"),
    first_name: 'ALBERT',
    last_name: 'SMITH',
    accounts: [
      {
        account_type: 'Investment',
        account_balance: 4821991.335826526,
        currency: 'YUAN'
      },
      {
        account_type: 'Investment',
        account_balance: 9425443.872297714,
        currency: 'USD'
      }
    ]
  },
  {
    _id: ObjectId("641738cd863549711005bef1"),
    first_name: 'GERALD',
    last_name: 'SMITH',
    accounts: [
      {
        account_type: '401K',
        account_balance: 1255474.332901143,
        currency: 'USD'
      }
    ]
  },
  {
    _id: ObjectId("641738cd863549711005bef2"),
    first_name: 'JACK',
    last_name: 'SMITH',
    accounts: [
      {
        account_type: '401K',
        account_balance: 5754928.029672472,
        currency: 'YEN'
      },
      {
        account_type: 'Checking',
        account_balance: 5964859.802767627,
        currency: 'YUAN'
      },
      {
        account_type: 'Savings',
        account_balance: 8321064.213786688,
        currency: 'PESO'
      },
      {
        account_type: 'Checking',
        account_balance: 920856.9895697047,
        currency: 'POUNDS STERLING'
      },
      {
        account_type: 'Investment',
        account_balance: 3739566.242757339,
        currency: 'POUNDS STERLING'
      }
    ]
  },
  {
    _id: ObjectId("641738cd863549711005bef3"),
    first_name: 'JUSTIN',
    last_name: 'SMITH',
    accounts: [
      {
        account_type: '401K',
        account_balance: 6019867.745806983,
        currency: 'POUNDS STERLING'
      },
      {
        account_type: '401K',
        account_balance: 8508857.566740628,
        currency: 'EURO'
      },
      {
        account_type: '401K',
        account_balance: 9688309.014053676,
        currency: 'PESO'
      },
      {
        account_type: 'Savings',
        account_balance: 1606573.0550284632,
        currency: 'POUNDS STERLING'
      },
      {
        account_type: 'Savings',
        account_balance: 9076718.99571514,
        currency: 'USD'
      }
    ]
  },
  {
    _id: ObjectId("641738cd863549711005bef4"),
    first_name: 'JONATHAN',
    last_name: 'SMITH',
    accounts: [
      {
        account_type: 'Checking',
        account_balance: 2913395.3500320436,
        currency: 'EURO'
      },
      {
        account_type: 'Checking',
        account_balance: 3982489.1508402685,
        currency: 'PESO'
      },
      {
        account_type: '401K',
        account_balance: 4179010.0664665606,
        currency: 'YEN'
      },
      {
        account_type: 'Investment',
        account_balance: 3170325.648587981,
        currency: 'PESO'
      },
      {
        account_type: 'Investment',
        account_balance: 1068025.4691481842,
        currency: 'USD'
      },
      {
        account_type: 'Checking',
        account_balance: 1789451.0439216513,
        currency: 'POUNDS STERLING'
      },
      {
        account_type: 'Savings',
        account_balance: 8554996.316241262,
        currency: 'EURO'
      },
      {
        account_type: '401K',
        account_balance: 987581.3372985001,
        currency: 'EURO'
      },
      {
        account_type: 'Checking',
        account_balance: 6311203.983928602,
        currency: 'YEN'
      }
    ]
  },
  {
    _id: ObjectId("641738cd863549711005bef5"),
    first_name: 'SAMUEL',
    last_name: 'SMITH',
    accounts: [
      {
        account_type: 'Investment',
        account_balance: 8703552.021610666,
        currency: 'POUNDS STERLING'
      },
      {
        account_type: 'Checking',
        account_balance: 4097305.1917321617,
        currency: 'POUNDS STERLING'
      },
      {
        account_type: 'Checking',
        account_balance: 6762262.712146619,
        currency: 'USD'
      },
      {
        account_type: '401K',
        account_balance: 7165353.098535903,
        currency: 'YUAN'
      },
      {
        account_type: 'Savings',
        account_balance: 2210777.620896266,
        currency: 'POUNDS STERLING'
      }
    ]
  },
  {
    _id: ObjectId("641738cd863549711005bef6"),
    first_name: 'TERRY',
    last_name: 'SMITH',
    accounts: [
      {
        account_type: 'Investment',
        account_balance: 5010024.748791601,
        currency: 'YUAN'
      },
      {
        account_type: 'Savings',
        account_balance: 8051313.949280103,
        currency: 'YEN'
      },
      {
        account_type: '401K',
        account_balance: 9823125.687194807,
        currency: 'YEN'
      },
      {
        account_type: 'Savings',
        account_balance: 4441198.055287769,
        currency: 'USD'
      },
      {
        account_type: 'Savings',
        account_balance: 8213709.376807868,
        currency: 'EURO'
      },
      {
        account_type: 'Savings',
        account_balance: 7266375.06371256,
        currency: 'POUNDS STERLING'
      },
      {
        account_type: 'Investment',
        account_balance: 5160089.357234136,
        currency: 'YEN'
      },
      {
        account_type: '401K',
        account_balance: 1044764.2163553138,
        currency: 'POUNDS STERLING'
      },
      {
        account_type: '401K',
        account_balance: 9224521.223944124,
        currency: 'YEN'
      }
    ]
  },
  {
    _id: ObjectId("641738cd863549711005bef7"),
    first_name: 'ROY',
    last_name: 'SMITH',
    accounts: [
      {
        account_type: '401K',
        account_balance: 7355824.341228507,
        currency: 'YEN'
      }
    ]
  },
  {
    _id: ObjectId("641738cd863549711005bef8"),
    first_name: 'KEITH',
    last_name: 'SMITH',
    accounts: [
      {
        account_type: 'Checking',
        account_balance: 6690685.191744078,
        currency: 'YEN'
      },
      {
        account_type: 'Savings',
        account_balance: 6981312.060158001,
        currency: 'POUNDS STERLING'
      },
      {
        account_type: '401K',
        account_balance: 6968498.995306942,
        currency: 'POUNDS STERLING'
      },
      {
        account_type: '401K',
        account_balance: 5137423.27072967,
        currency: 'YEN'
      },
      {
        account_type: 'Savings',
        account_balance: 2419493.315004611,
        currency: 'PESO'
      },
      {
        account_type: 'Checking',
        account_balance: 3047294.256090408,
        currency: 'YEN'
      },
      {
        account_type: 'Investment',
        account_balance: 1170819.7712750842,
        currency: 'PESO'
      },
      {
        account_type: '401K',
        account_balance: 816106.7006841316,
        currency: 'YEN'
      },
      {
        account_type: 'Savings',
        account_balance: 5800855.769438475,
        currency: 'YEN'
      }
    ]
  },
  {
    _id: ObjectId("641738cd863549711005bef9"),
    first_name: 'NICHOLAS',
    last_name: 'SMITH',
    accounts: [
      {
        account_type: '401K',
        account_balance: 9417728.955185927,
        currency: 'EURO'
      },
      {
        account_type: '401K',
        account_balance: 6543907.073655406,
        currency: 'YEN'
      },
      {
        account_type: 'Investment',
        account_balance: 1816187.9409926806,
        currency: 'YEN'
      },
      {
        account_type: '401K',
        account_balance: 7307500.618382373,
        currency: 'PESO'
      }
    ]
  },
  {
    _id: ObjectId("641738cd863549711005befa"),
    first_name: 'LAWRENCE',
    last_name: 'SMITH',
    accounts: [
      {
        account_type: '401K',
        account_balance: 6998458.8060026355,
        currency: 'YUAN'
      },
      {
        account_type: '401K',
        account_balance: 6571757.243352819,
        currency: 'EURO'
      },
      {
        account_type: 'Checking',
        account_balance: 9215683.15054612,
        currency: 'USD'
      },
      {
        account_type: '401K',
        account_balance: 2638196.8350389446,
        currency: 'PESO'
      },
      {
        account_type: 'Savings',
        account_balance: 2306034.928086549,
        currency: 'USD'
      },
      {
        account_type: '401K',
        account_balance: 75791.77092939592,
        currency: 'USD'
      }
    ]
  },
  {
    _id: ObjectId("641738cd863549711005befb"),
    first_name: 'BRUCE',
    last_name: 'SMITH',
    accounts: [
      {
        account_type: '401K',
        account_balance: 592785.4253446155,
        currency: 'USD'
      },
      {
        account_type: '401K',
        account_balance: 4055497.496895705,
        currency: 'YUAN'
      }
    ]
  },
  {
    _id: ObjectId("641738cd863549711005befc"),
    first_name: 'WILLIE',
    last_name: 'SMITH',
    accounts: [
      {
        account_type: 'Savings',
        account_balance: 5106783.119648027,
        currency: 'POUNDS STERLING'
      },
      {
        account_type: 'Savings',
        account_balance: 6169912.507767438,
        currency: 'YUAN'
      },
      {
        account_type: 'Checking',
        account_balance: 6156167.8806193555,
        currency: 'POUNDS STERLING'
      },
      {
        account_type: '401K',
        account_balance: 900506.7481741444,
        currency: 'PESO'
      },
      {
        account_type: 'Checking',
        account_balance: 1384401.8628364122,
        currency: 'YEN'
      },
      {
        account_type: 'Savings',
        account_balance: 4968515.906026227,
        currency: 'YUAN'
      },
      {
        account_type: 'Investment',
        account_balance: 3474038.7550349273,
        currency: 'POUNDS STERLING'
      },
      {
        account_type: '401K',
        account_balance: 8363342.920311542,
        currency: 'POUNDS STERLING'
      },
      {
        account_type: '401K',
        account_balance: 5947817.737569911,
        currency: 'YEN'
      }
    ]
  },
  {
    _id: ObjectId("641738cd863549711005befd"),
    first_name: 'RALPH',
    last_name: 'SMITH',
    accounts: [
      {
        account_type: 'Checking',
        account_balance: 1433428.0426491243,
        currency: 'YEN'
      },
      {
        account_type: 'Savings',
        account_balance: 8616077.902126674,
        currency: 'USD'
      },
      {
        account_type: 'Investment',
        account_balance: 3868805.209258722,
        currency: 'YUAN'
      },
      {
        account_type: 'Investment',
        account_balance: 5960193.565142364,
        currency: 'EURO'
      },
      {
        account_type: 'Savings',
        account_balance: 4241868.317623448,
        currency: 'EURO'
      },
      {
        account_type: 'Checking',
        account_balance: 8990907.733895384,
        currency: 'YEN'
      },
      {
        account_type: 'Investment',
        account_balance: 656602.5614718252,
        currency: 'USD'
      },
      {
        account_type: 'Investment',
        account_balance: 5698587.236105273,
        currency: 'YEN'
      },
      {
        account_type: 'Savings',
        account_balance: 9769410.12406486,
        currency: 'EURO'
      }
    ]
  },
  {
    _id: ObjectId("641738cd863549711005befe"),
    first_name: 'BENJAMIN',
    last_name: 'SMITH',
    accounts: [
      {
        account_type: 'Checking',
        account_balance: 5717578.980680155,
        currency: 'EURO'
      },
      {
        account_type: 'Savings',
        account_balance: 6982661.395093768,
        currency: 'PESO'
      },
      {
        account_type: '401K',
        account_balance: 2241322.0157286683,
        currency: 'YEN'
      },
      {
        account_type: 'Investment',
        account_balance: 8602467.359804556,
        currency: 'YEN'
      },
      {
        account_type: 'Investment',
        account_balance: 6615492.347317605,
        currency: 'YUAN'
      },
      {
        account_type: '401K',
        account_balance: 4847132.7331317905,
        currency: 'POUNDS STERLING'
      },
      {
        account_type: 'Investment',
        account_balance: 1879258.0587008803,
        currency: 'EURO'
      },
      {
        account_type: 'Investment',
        account_balance: 5937676.955896176,
        currency: 'EURO'
      },
      {
        account_type: 'Checking',
        account_balance: 424045.9734279716,
        currency: 'YUAN'
      }
    ]
  },
  {
    _id: ObjectId("641738cd863549711005beff"),
    first_name: 'FRED',
    last_name: 'SMITH',
    accounts: [
      {
        account_type: 'Checking',
        account_balance: 5803697.9980139155,
        currency: 'POUNDS STERLING'
      },
      {
        account_type: 'Savings',
        account_balance: 2903809.315251017,
        currency: 'USD'
      },
      {
        account_type: 'Investment',
        account_balance: 5104510.900012461,
        currency: 'YEN'
      }
    ]
  },
  {
    _id: ObjectId("641738cd863549711005bf00"),
    first_name: 'HARRY',
    last_name: 'SMITH',
    accounts: [
      {
        account_type: 'Investment',
        account_balance: 3203404.241741685,
        currency: 'YEN'
      },
      {
        account_type: 'Checking',
        account_balance: 7529376.143626228,
        currency: 'YUAN'
      },
      {
        account_type: 'Savings',
        account_balance: 3616930.8858317924,
        currency: 'EURO'
      },
      {
        account_type: '401K',
        account_balance: 2416143.604152398,
        currency: 'PESO'
      }
    ]
  },
  {
    _id: ObjectId("641738cd863549711005bf01"),
    first_name: 'BILLY',
    last_name: 'SMITH',
    accounts: [
      {
        account_type: '401K',
        account_balance: 8691011.49664228,
        currency: 'USD'
      }
    ]
  },
  {
    _id: ObjectId("641738cd863549711005bf02"),
    first_name: 'BRANDON',
    last_name: 'SMITH',
    accounts: [
      {
        account_type: 'Investment',
        account_balance: 5393645.172809904,
        currency: 'PESO'
      },
      {
        account_type: 'Checking',
        account_balance: 2282996.3312159395,
        currency: 'USD'
      },
      {
        account_type: 'Checking',
        account_balance: 57185.412253963295,
        currency: 'USD'
      },
      {
        account_type: 'Savings',
        account_balance: 5841834.459209571,
        currency: 'YEN'
      },
      {
        account_type: 'Investment',
        account_balance: 5389791.8097446235,
        currency: 'YEN'
      },
      {
        account_type: 'Savings',
        account_balance: 7546000.070641126,
        currency: 'EURO'
      },
      {
        account_type: 'Savings',
        account_balance: 3845820.5056918096,
        currency: 'YEN'
      },
      {
        account_type: '401K',
        account_balance: 5212366.003847128,
        currency: 'USD'
      },
      {
        account_type: 'Checking',
        account_balance: 5149551.704126448,
        currency: 'PESO'
      }
    ]
  },
  {
    _id: ObjectId("641738cd863549711005bf03"),
    first_name: 'AARON',
    last_name: 'SMITH',
    accounts: [
      {
        account_type: 'Savings',
        account_balance: 1455321.836970739,
        currency: 'EURO'
      }
    ]
  },
  {
    _id: ObjectId("641738cd863549711005bf04"),
    first_name: 'JEREMY',
    last_name: 'SMITH',
    accounts: [
      {
        account_type: 'Investment',
        account_balance: 701598.8763108726,
        currency: 'POUNDS STERLING'
      },
      {
        account_type: 'Checking',
        account_balance: 796077.2812569926,
        currency: 'YEN'
      },
      {
        account_type: '401K',
        account_balance: 9929286.959907807,
        currency: 'PESO'
      }
    ]
  },
  {
    _id: ObjectId("641738cd863549711005bf05"),
    first_name: 'WAYNE',
    last_name: 'SMITH',
    accounts: [
      {
        account_type: 'Checking',
        account_balance: 8718134.743531529,
        currency: 'PESO'
      },
      {
        account_type: 'Savings',
        account_balance: 4750665.314403498,
        currency: 'POUNDS STERLING'
      },
      {
        account_type: 'Checking',
        account_balance: 5353076.090307696,
        currency: 'USD'
      },
      {
        account_type: 'Savings',
        account_balance: 870743.1787668297,
        currency: 'PESO'
      },
      {
        account_type: 'Investment',
        account_balance: 8979256.60094206,
        currency: 'YUAN'
      },
      {
        account_type: '401K',
        account_balance: 5637978.156680841,
        currency: 'YUAN'
      },
      {
        account_type: 'Savings',
        account_balance: 6639584.349077184,
        currency: 'YUAN'
      },
      {
        account_type: 'Checking',
        account_balance: 6246074.199986478,
        currency: 'USD'
      },
      {
        account_type: '401K',
        account_balance: 4843615.665957961,
        currency: 'PESO'
      }
    ]
  },
  {
    _id: ObjectId("641738cd863549711005bf06"),
    first_name: 'STEVE',
    last_name: 'SMITH',
    accounts: [
      {
        account_type: '401K',
        account_balance: 3826231.036020005,
        currency: 'YEN'
      },
      {
        account_type: '401K',
        account_balance: 8896281.649143375,
        currency: 'EURO'
      },
      {
        account_type: 'Investment',
        account_balance: 1537637.4031393086,
        currency: 'PESO'
      },
      {
        account_type: '401K',
        account_balance: 9273181.780520443,
        currency: 'YEN'
      },
      {
        account_type: 'Checking',
        account_balance: 9402436.199990101,
        currency: 'USD'
      },
      {
        account_type: 'Investment',
        account_balance: 4060454.081289488,
        currency: 'EURO'
      },
      {
        account_type: 'Savings',
        account_balance: 1429551.4058350318,
        currency: 'PESO'
      }
    ]
  },
  {
    _id: ObjectId("641738cd863549711005bf07"),
    first_name: 'LOUIS',
    last_name: 'SMITH',
    accounts: [
      {
        account_type: 'Savings',
        account_balance: 9305130.274378829,
        currency: 'EURO'
      },
      {
        account_type: 'Savings',
        account_balance: 8237458.165278263,
        currency: 'POUNDS STERLING'
      },
      {
        account_type: '401K',
        account_balance: 8975692.129453924,
        currency: 'POUNDS STERLING'
      },
      {
        account_type: 'Checking',
        account_balance: 829182.456682625,
        currency: 'YUAN'
      },
      {
        account_type: 'Savings',
        account_balance: 8337753.587160666,
        currency: 'YUAN'
      },
      {
        account_type: '401K',
        account_balance: 2771089.53097509,
        currency: 'USD'
      },
      {
        account_type: '401K',
        account_balance: 8493785.914486824,
        currency: 'PESO'
      },
      {
        account_type: 'Savings',
        account_balance: 643055.1791120963,
        currency: 'POUNDS STERLING'
      }
    ]
  },
  {
    _id: ObjectId("641738cd863549711005bf08"),
    first_name: 'ADAM',
    last_name: 'SMITH',
    accounts: [
      {
        account_type: 'Savings',
        account_balance: 5597781.230642234,
        currency: 'YEN'
      },
      {
        account_type: 'Savings',
        account_balance: 8132059.131121926,
        currency: 'PESO'
      },
      {
        account_type: 'Investment',
        account_balance: 4119261.279886257,
        currency: 'PESO'
      },
      {
        account_type: 'Savings',
        account_balance: 7065858.14599803,
        currency: 'EURO'
      },
      {
        account_type: 'Checking',
        account_balance: 8015977.744283954,
        currency: 'USD'
      },
      {
        account_type: 'Savings',
        account_balance: 7520386.551045405,
        currency: 'YEN'
      }
    ]
  },
  {
    _id: ObjectId("641738cd863549711005bf09"),
    first_name: 'RANDY',
    last_name: 'SMITH',
    accounts: [
      {
        account_type: '401K',
        account_balance: 9405881.052418716,
        currency: 'POUNDS STERLING'
      },
      {
        account_type: 'Checking',
        account_balance: 8640157.65699562,
        currency: 'EURO'
      },
      {
        account_type: '401K',
        account_balance: 1957383.5980403381,
        currency: 'EURO'
      },
      {
        account_type: 'Investment',
        account_balance: 4654358.139021369,
        currency: 'YUAN'
      },
      {
        account_type: 'Investment',
        account_balance: 9629331.986474104,
        currency: 'POUNDS STERLING'
      },
      {
        account_type: 'Checking',
        account_balance: 5197190.450928983,
        currency: 'YEN'
      }
    ]
  },
  {
    _id: ObjectId("641738cd863549711005bf0a"),
    first_name: 'EUGENE',
    last_name: 'SMITH',
    accounts: [
      {
        account_type: 'Savings',
        account_balance: 814479.4078971546,
        currency: 'YEN'
      },
      {
        account_type: 'Savings',
        account_balance: 457759.456102222,
        currency: 'YEN'
      }
    ]
  },
  {
    _id: ObjectId("641738cd863549711005bf0b"),
    first_name: 'HOWARD',
    last_name: 'SMITH',
    accounts: [
      {
        account_type: 'Investment',
        account_balance: 3746059.1902676197,
        currency: 'POUNDS STERLING'
      },
      {
        account_type: '401K',
        account_balance: 754415.2080037405,
        currency: 'YEN'
      },
      {
        account_type: '401K',
        account_balance: 1184064.8091044244,
        currency: 'YUAN'
      },
      {
        account_type: 'Investment',
        account_balance: 321560.6468475284,
        currency: 'YUAN'
      },
      {
        account_type: 'Investment',
        account_balance: 1318759.6815631196,
        currency: 'EURO'
      },
      {
        account_type: '401K',
        account_balance: 8192879.038673103,
        currency: 'USD'
      },
      {
        account_type: '401K',
        account_balance: 18680.030940330354,
        currency: 'USD'
      }
    ]
  },
  {
    _id: ObjectId("641738cd863549711005bf0c"),
    first_name: 'RUSSELL',
    last_name: 'SMITH',
    accounts: [
      {
        account_type: 'Savings',
        account_balance: 5147278.785999021,
        currency: 'PESO'
      },
      {
        account_type: 'Checking',
        account_balance: 5488293.159938371,
        currency: 'POUNDS STERLING'
      },
      {
        account_type: 'Checking',
        account_balance: 7188065.800058873,
        currency: 'YEN'
      },
      {
        account_type: 'Investment',
        account_balance: 9382680.456659064,
        currency: 'USD'
      },
      {
        account_type: 'Investment',
        account_balance: 560591.441865029,
        currency: 'USD'
      },
      {
        account_type: 'Checking',
        account_balance: 9832767.49887925,
        currency: 'YEN'
      }
    ]
  },
  {
    _id: ObjectId("641738cd863549711005bf0d"),
    first_name: 'MARTIN',
    last_name: 'SMITH',
    accounts: [
      {
        account_type: '401K',
        account_balance: 7241112.02637799,
        currency: 'YEN'
      },
      {
        account_type: 'Investment',
        account_balance: 750630.3926014036,
        currency: 'EURO'
      },
      {
        account_type: 'Investment',
        account_balance: 8336610.942951521,
        currency: 'PESO'
      },
      {
        account_type: 'Investment',
        account_balance: 9552143.44835496,
        currency: 'YEN'
      },
      {
        account_type: 'Investment',
        account_balance: 9195555.974854711,
        currency: 'USD'
      },
      {
        account_type: 'Checking',
        account_balance: 709649.7191134226,
        currency: 'PESO'
      },
      {
        account_type: 'Investment',
        account_balance: 6225702.07484091,
        currency: 'EURO'
      },
      {
        account_type: 'Checking',
        account_balance: 7382430.443370238,
        currency: 'EURO'
      }
    ]
  },
  {
    _id: ObjectId("641738cd863549711005bf0e"),
    first_name: 'BOBBY',
    last_name: 'SMITH',
    accounts: [
      {
        account_type: '401K',
        account_balance: 1294682.0827057175,
        currency: 'EURO'
      },
      {
        account_type: 'Investment',
        account_balance: 6348353.529675549,
        currency: 'YUAN'
      },
      {
        account_type: 'Checking',
        account_balance: 7823290.717769854,
        currency: 'PESO'
      }
    ]
  },
  {
    _id: ObjectId("641738cd863549711005bf0f"),
    first_name: 'JOHNNY',
    last_name: 'SMITH',
    accounts: [
      {
        account_type: 'Savings',
        account_balance: 8446771.828955682,
        currency: 'EURO'
      }
    ]
  },
  {
    _id: ObjectId("641738cd863549711005bf10"),
    first_name: 'CARLOS',
    last_name: 'SMITH',
    accounts: [
      {
        account_type: '401K',
        account_balance: 7008538.816556148,
        currency: 'PESO'
      },
      {
        account_type: 'Investment',
        account_balance: 8374585.46346579,
        currency: 'YEN'
      },
      {
        account_type: 'Savings',
        account_balance: 5544621.902192661,
        currency: 'USD'
      },
      {
        account_type: 'Savings',
        account_balance: 6688461.815316052,
        currency: 'EURO'
      },
      {
        account_type: 'Investment',
        account_balance: 1550725.9857766782,
        currency: 'YEN'
      },
      {
        account_type: 'Savings',
        account_balance: 1110822.8454611201,
        currency: 'POUNDS STERLING'
      },
      {
        account_type: 'Investment',
        account_balance: 7343729.277116241,
        currency: 'YEN'
      },
      {
        account_type: 'Investment',
        account_balance: 3738664.6108365655,
        currency: 'EURO'
      },
      {
        account_type: 'Savings',
        account_balance: 4246397.145601486,
        currency: 'EURO'
      }
    ]
  },
  {
    _id: ObjectId("641738cd863549711005bf11"),
    first_name: 'ERNEST',
    last_name: 'SMITH',
    accounts: [
      {
        account_type: 'Savings',
        account_balance: 7908379.592321927,
        currency: 'USD'
      },
      {
        account_type: 'Savings',
        account_balance: 7218993.431764101,
        currency: 'PESO'
      },
      {
        account_type: 'Savings',
        account_balance: 5246101.111829398,
        currency: 'YEN'
      },
      {
        account_type: 'Investment',
        account_balance: 3119252.1542057553,
        currency: 'POUNDS STERLING'
      },
      {
        account_type: 'Checking',
        account_balance: 3085832.5130876377,
        currency: 'EURO'
      },
      {
        account_type: 'Checking',
        account_balance: 8640990.850683842,
        currency: 'YEN'
      }
    ]
  },
  {
    _id: ObjectId("641738cd863549711005bf12"),
    first_name: 'EARL',
    last_name: 'SMITH',
    accounts: [
      {
        account_type: 'Savings',
        account_balance: 4258860.103048694,
        currency: 'EURO'
      },
      {
        account_type: 'Investment',
        account_balance: 8561724.855743071,
        currency: 'USD'
      }
    ]
  },
  {
    _id: ObjectId("641738cd863549711005bf13"),
    first_name: 'JIMMY',
    last_name: 'SMITH',
    accounts: [
      {
        account_type: 'Checking',
        account_balance: 4140390.0160723953,
        currency: 'YEN'
      },
      {
        account_type: 'Investment',
        account_balance: 6252566.137011867,
        currency: 'PESO'
      },
      {
        account_type: 'Savings',
        account_balance: 6787334.686345806,
        currency: 'PESO'
      }
    ]
  },
  {
    _id: ObjectId("641738cd863549711005bf15"),
    first_name: 'PHILLIP',
    last_name: 'SMITH',
    accounts: [
      {
        account_type: 'Checking',
        account_balance: 9015319.053537576,
        currency: 'EURO'
      },
      {
        account_type: '401K',
        account_balance: 2568909.848728569,
        currency: 'YEN'
      },
      {
        account_type: 'Investment',
        account_balance: 1767504.003565464,
        currency: 'YEN'
      },
      {
        account_type: 'Checking',
        account_balance: 4729369.634005941,
        currency: 'YUAN'
      },
      {
        account_type: '401K',
        account_balance: 5978714.747391947,
        currency: 'PESO'
      }
    ]
  },
  {
    _id: ObjectId("641738cd863549711005bf16"),
    first_name: 'TODD',
    last_name: 'SMITH',
    accounts: [
      {
        account_type: 'Savings',
        account_balance: 6811081.8752698405,
        currency: 'USD'
      },
      {
        account_type: '401K',
        account_balance: 5306183.43060169,
        currency: 'USD'
      },
      {
        account_type: '401K',
        account_balance: 307345.9253636927,
        currency: 'POUNDS STERLING'
      },
      {
        account_type: '401K',
        account_balance: 6787727.033880806,
        currency: 'YUAN'
      },
      {
        account_type: 'Investment',
        account_balance: 2817954.0205043377,
        currency: 'POUNDS STERLING'
      }
    ]
  },
  {
    _id: ObjectId("641738cd863549711005bf1f"),
    first_name: 'ALAN',
    last_name: 'SMITH',
    accounts: [
      {
        account_type: 'Savings',
        account_balance: 9689557.419243818,
        currency: 'YUAN'
      },
      {
        account_type: 'Savings',
        account_balance: 2826694.1048074523,
        currency: 'YUAN'
      }
    ]
  },
  {
    _id: ObjectId("641738cd863549711005bf20"),
    first_name: 'SHAWN',
    last_name: 'SMITH',
    accounts: [
      {
        account_type: 'Investment',
        account_balance: 3880964.9467324093,
        currency: 'YEN'
      }
    ]
  },
  {
    _id: ObjectId("641738cd863549711005bf21"),
    first_name: 'SEAN',
    last_name: 'SMITH',
    accounts: [
      {
        account_type: 'Checking',
        account_balance: 3938606.346114838,
        currency: 'USD'
      },
      {
        account_type: 'Checking',
        account_balance: 8386752.6422061045,
        currency: 'PESO'
      },
      {
        account_type: '401K',
        account_balance: 5706757.814382654,
        currency: 'YUAN'
      },
      {
        account_type: '401K',
        account_balance: 8759331.09966469,
        currency: 'USD'
      },
      {
        account_type: 'Checking',
        account_balance: 5993457.458873597,
        currency: 'USD'
      },
      {
        account_type: 'Checking',
        account_balance: 8504670.20582212,
        currency: 'YUAN'
      },
      {
        account_type: 'Investment',
        account_balance: 5311651.101490249,
        currency: 'YEN'
      }
    ]
  },
  {
    _id: ObjectId("641738cd863549711005bf22"),
    first_name: 'CHRIS',
    last_name: 'SMITH',
    accounts: [
      {
        account_type: 'Investment',
        account_balance: 9920646.066105584,
        currency: 'YUAN'
      },
      {
        account_type: 'Investment',
        account_balance: 5173869.102224689,
        currency: 'YEN'
      }
    ]
  },
  {
    _id: ObjectId("641738cd863549711005bf26"),
    first_name: 'CRAIG',
    last_name: 'SMITH',
    accounts: [
      {
        account_type: 'Savings',
        account_balance: 4225179.940764525,
        currency: 'EURO'
      },
      {
        account_type: 'Savings',
        account_balance: 6503446.6462188065,
        currency: 'YEN'
      }
    ]
  },
  {
    _id: ObjectId("641738cd863549711005bf27"),
    first_name: 'ANTONIO',
    last_name: 'SMITH',
    accounts: [
      {
        account_type: '401K',
        account_balance: 5958257.366658117,
        currency: 'EURO'
      },
      {
        account_type: 'Investment',
        account_balance: 8879958.502037097,
        currency: 'YEN'
      },
      {
        account_type: 'Savings',
        account_balance: 40573.729801390786,
        currency: 'YEN'
      },
      {
        account_type: 'Investment',
        account_balance: 9711570.783730526,
        currency: 'PESO'
      },
      {
        account_type: 'Checking',
        account_balance: 7746188.2105649365,
        currency: 'PESO'
      },
      {
        account_type: 'Checking',
        account_balance: 6144632.643763933,
        currency: 'EURO'
      },
      {
        account_type: 'Checking',
        account_balance: 406405.64762290707,
        currency: 'PESO'
      },
      {
        account_type: 'Checking',
        account_balance: 7867642.310651257,
        currency: 'PESO'
      }
    ]
  },
  {
    _id: ObjectId("641738cd863549711005bf29"),
    first_name: 'VICTOR',
    last_name: 'SMITH',
    accounts: [
      {
        account_type: 'Investment',
        account_balance: 1563523.811863635,
        currency: 'EURO'
      },
      {
        account_type: 'Checking',
        account_balance: 2557147.47628975,
        currency: 'EURO'
      },
      {
        account_type: 'Savings',
        account_balance: 2973630.2031286582,
        currency: 'POUNDS STERLING'
      },
      {
        account_type: 'Savings',
        account_balance: 9723364.315891268,
        currency: 'EURO'
      },
      {
        account_type: 'Savings',
        account_balance: 4035239.6799432067,
        currency: 'POUNDS STERLING'
      },
      {
        account_type: '401K',
        account_balance: 2026312.0484784048,
        currency: 'USD'
      }
    ]
  },
  {
    _id: ObjectId("641738cd863549711005bf2a"),
    first_name: 'CLARENCE',
    last_name: 'SMITH',
    accounts: [
      {
        account_type: 'Savings',
        account_balance: 671709.0219033749,
        currency: 'PESO'
      },
      {
        account_type: '401K',
        account_balance: 7766558.538258117,
        currency: 'YEN'
      },
      {
        account_type: 'Savings',
        account_balance: 4226238.754308805,
        currency: 'PESO'
      },
      {
        account_type: 'Savings',
        account_balance: 1159593.8312723748,
        currency: 'YUAN'
      },
      {
        account_type: '401K',
        account_balance: 8031744.044365328,
        currency: 'PESO'
      },
      {
        account_type: 'Savings',
        account_balance: 5976663.681921139,
        currency: 'YUAN'
      },
      {
        account_type: '401K',
        account_balance: 6225370.694003855,
        currency: 'YUAN'
      },
      {
        account_type: 'Savings',
        account_balance: 6595956.077114249,
        currency: 'EURO'
      },
      {
        account_type: 'Savings',
        account_balance: 6412734.334764839,
        currency: 'PESO'
      }
    ]
  },
  {
    _id: ObjectId("641738cd863549711005bf2b"),
    first_name: 'PHILIP',
    last_name: 'SMITH',
    accounts: [
      {
        account_type: 'Savings',
        account_balance: 9636237.423696352,
        currency: 'POUNDS STERLING'
      },
      {
        account_type: '401K',
        account_balance: 8431424.058212567,
        currency: 'POUNDS STERLING'
      },
      {
        account_type: 'Investment',
        account_balance: 5257262.550765347,
        currency: 'YEN'
      },
      {
        account_type: 'Checking',
        account_balance: 603446.8977762165,
        currency: 'PESO'
      },
      {
        account_type: 'Investment',
        account_balance: 9035847.249704592,
        currency: 'USD'
      },
      {
        account_type: 'Checking',
        account_balance: 1267505.417487238,
        currency: 'YEN'
      },
      {
        account_type: '401K',
        account_balance: 8297653.392931597,
        currency: 'POUNDS STERLING'
      },
      {
        account_type: 'Savings',
        account_balance: 7065907.09397935,
        currency: 'PESO'
      },
      {
        account_type: 'Investment',
        account_balance: 8421358.050092565,
        currency: 'POUNDS STERLING'
      }
    ]
  },
  {
    _id: ObjectId("641738cd863549711005bf2c"),
    first_name: 'JESSE',
    last_name: 'SMITH',
    accounts: [
      {
        account_type: '401K',
        account_balance: 6228235.018205168,
        currency: 'YUAN'
      },
      {
        account_type: 'Investment',
        account_balance: 2908487.9813747946,
        currency: 'POUNDS STERLING'
      },
      {
        account_type: 'Investment',
        account_balance: 4901979.839106901,
        currency: 'PESO'
      },
      {
        account_type: 'Checking',
        account_balance: 4142316.971181014,
        currency: 'POUNDS STERLING'
      },
      {
        account_type: 'Investment',
        account_balance: 5629530.381908378,
        currency: 'POUNDS STERLING'
      },
      {
        account_type: 'Investment',
        account_balance: 1041298.2275629817,
        currency: 'PESO'
      },
      {
        account_type: '401K',
        account_balance: 2826409.7604123247,
        currency: 'YUAN'
      },
      {
        account_type: '401K',
        account_balance: 8147981.735055368,
        currency: 'EURO'
      }
    ]
  }
]
89 accounts>smiths.forEach
[Function (anonymous)]
90 accounts>smiths.map
[Function (anonymous)]
91 accounts>smiths.filter
[Function (anonymous)]
92 accounts>let smiths = db.bank_data.find({last_name: 'SMITH'})

93 accounts>smiths.forEach
[Function: forEach] AsyncFunction {
  returnsPromise: true,
  serverVersions: [ '0.0.0', '999.999.999' ],
  apiVersions: [ 0, Infinity ],
  topologies: [ 'ReplSet', 'Sharded', 'LoadBalanced', 'Standalone' ],
  returnType: { type: 'unknown', attributes: {} },
  deprecated: false,
  platforms: [ 'Compass', 'Browser', 'CLI' ],
  isDirectShellCommand: false,
  acceptsRawInput: false,
  shellCommandCompleter: undefined,
  help: [Function (anonymous)] Help
}
94 accounts>smiths.map
[Function: map] {
  returnType: 'this',
  serverVersions: [ '0.0.0', '999.999.999' ],
  apiVersions: [ 0, Infinity ],
  topologies: [ 'ReplSet', 'Sharded', 'LoadBalanced', 'Standalone' ],
  returnsPromise: false,
  deprecated: false,
  platforms: [ 'Compass', 'Browser', 'CLI' ],
  isDirectShellCommand: false,
  acceptsRawInput: false,
  shellCommandCompleter: undefined,
  help: [Function (anonymous)] Help
}
95 accounts>smiths.filter

96 accounts>smiths.forEach(p => console.log(p))
{
  _id: ObjectId("641738cd863549711005bebc"),
  first_name: 'PAUL',
  last_name: 'SMITH',
  accounts: [
    {
      account_type: 'Checking',
      account_balance: 936484.1221326711,
      currency: 'YUAN'
    }
  ]
}
{
  _id: ObjectId("641738cd863549711005bebd"),
  first_name: 'KENNETH',
  last_name: 'SMITH',
  accounts: [
    {
      account_type: 'Investment',
      account_balance: 8984765.638846941,
      currency: 'YEN'
    }
  ]
}
{
  _id: ObjectId("641738cd863549711005bebe"),
  first_name: 'GEORGE',
  last_name: 'SMITH',
  accounts: [
    {
      account_type: 'Checking',
      account_balance: 7510049.716676093,
      currency: 'PESO'
    },
    {
      account_type: 'Investment',
      account_balance: 8978088.436168617,
      currency: 'USD'
    },
    {
      account_type: '401K',
      account_balance: 3536582.866462197,
      currency: 'YEN'
    },
    {
      account_type: 'Checking',
      account_balance: 4390095.46173461,
      currency: 'USD'
    }
  ]
}
{
  _id: ObjectId("641738cd863549711005bebf"),
  first_name: 'MICHAEL',
  last_name: 'SMITH',
  accounts: [
    {
      account_type: 'Checking',
      account_balance: 2819063.8844904397,
      currency: 'YEN'
    },
    {
      account_type: 'Checking',
      account_balance: 4131942.2529414617,
      currency: 'USD'
    },
    {
      account_type: 'Investment',
      account_balance: 3782509.0311059216,
      currency: 'EURO'
    },
    {
      account_type: 'Investment',
      account_balance: 6531886.9064971,
      currency: 'PESO'
    },
    {
      account_type: 'Investment',
      account_balance: 2105927.920320713,
      currency: 'EURO'
    },
    {
      account_type: 'Savings',
      account_balance: 4612959.380901612,
      currency: 'YUAN'
    }
  ]
}
{
  _id: ObjectId("641738cd863549711005bec0"),
  first_name: 'BRIAN',
  last_name: 'SMITH',
  accounts: [
    {
      account_type: '401K',
      account_balance: 149839.10500178766,
      currency: 'PESO'
    }
  ]
}
{
  _id: ObjectId("641738cd863549711005bec1"),
  first_name: 'MARK',
  last_name: 'SMITH',
  accounts: [
    {
      account_type: 'Savings',
      account_balance: 521640.39247602574,
      currency: 'USD'
    },
    {
      account_type: 'Investment',
      account_balance: 9896058.025694223,
      currency: 'POUNDS STERLING'
    },
    {
      account_type: 'Savings',
      account_balance: 6326316.032295041,
      currency: 'POUNDS STERLING'
    },
    {
      account_type: 'Investment',
      account_balance: 752161.7102783576,
      currency: 'PESO'
    },
    {
      account_type: 'Checking',
      account_balance: 496816.2525023853,
      currency: 'USD'
    },
    {
      account_type: 'Checking',
      account_balance: 7791969.069134079,
      currency: 'EURO'
    },
    {
      account_type: 'Checking',
      account_balance: 8401384.260885552,
      currency: 'POUNDS STERLING'
    }
  ]
}
{
  _id: ObjectId("641738cd863549711005bec2"),
  first_name: 'JOHN',
  last_name: 'SMITH',
  accounts: [
    {
      account_type: '401K',
      account_balance: 9059210.226195503,
      currency: 'YUAN'
    },
    {
      account_type: '401K',
      account_balance: 5926514.06875377,
      currency: 'PESO'
    },
    {
      account_type: 'Savings',
      account_balance: 8172876.597329946,
      currency: 'EURO'
    },
    {
      account_type: 'Investment',
      account_balance: 4320374.732933239,
      currency: 'POUNDS STERLING'
    },
    {
      account_type: 'Investment',
      account_balance: 9159979.449077135,
      currency: 'EURO'
    },
    {
      account_type: 'Investment',
      account_balance: 8923437.883474918,
      currency: 'USD'
    },
    {
      account_type: '401K',
      account_balance: 3810781.9932702538,
      currency: 'EURO'
    },
    {
      account_type: 'Investment',
      account_balance: 1803757.09787294,
      currency: 'YEN'
    },
    {
      account_type: 'Investment',
      account_balance: 4947925.350834157,
      currency: 'EURO'
    }
  ]
}
{
  _id: ObjectId("641738cd863549711005bec3"),
  first_name: 'STEVEN',
  last_name: 'SMITH',
  accounts: [
    {
      account_type: 'Investment',
      account_balance: 7606194.17605087,
      currency: 'EURO'
    },
    {
      account_type: 'Investment',
      account_balance: 2099711.775821766,
      currency: 'EURO'
    },
    {
      account_type: 'Investment',
      account_balance: 2961011.973269031,
      currency: 'YUAN'
    },
    {
      account_type: 'Savings',
      account_balance: 5830306.873168334,
      currency: 'USD'
    },
    {
      account_type: '401K',
      account_balance: 1542091.8696738125,
      currency: 'EURO'
    }
  ]
}
{
  _id: ObjectId("641738cd863549711005bec4"),
  first_name: 'WILLIAM',
  last_name: 'SMITH',
  accounts: [
    {
      account_type: '401K',
      account_balance: 2497138.738978415,
      currency: 'PESO'
    },
    {
      account_type: 'Checking',
      account_balance: 405606.12124239095,
      currency: 'PESO'
    },
    {
      account_type: 'Investment',
      account_balance: 9149015.783455048,
      currency: 'PESO'
    },
    {
      account_type: '401K',
      account_balance: 8797914.360492531,
      currency: 'YUAN'
    }
  ]
}
{
  _id: ObjectId("641738cd863549711005bec5"),
  first_name: 'KEVIN',
  last_name: 'SMITH',
  accounts: [
    {
      account_type: 'Savings',
      account_balance: 3309735.6787135843,
      currency: 'YEN'
    },
    {
      account_type: 'Investment',
      account_balance: 5631912.288049201,
      currency: 'EURO'
    },
    {
      account_type: 'Investment',
      account_balance: 7381293.096057707,
      currency: 'YUAN'
    },
    {
      account_type: '401K',
      account_balance: 6173279.399191128,
      currency: 'POUNDS STERLING'
    }
  ]
}
{
  _id: ObjectId("641738cd863549711005bec6"),
  first_name: 'EDWARD',
  last_name: 'SMITH',
  accounts: [
    {
      account_type: '401K',
      account_balance: 6577381.434625924,
      currency: 'YEN'
    },
    {
      account_type: 'Checking',
      account_balance: 8998935.759297138,
      currency: 'USD'
    },
    {
      account_type: 'Investment',
      account_balance: 588000.4045217587,
      currency: 'YUAN'
    },
    {
      account_type: 'Savings',
      account_balance: 6743563.754405159,
      currency: 'YUAN'
    },
    {
      account_type: '401K',
      account_balance: 8580650.627761671,
      currency: 'POUNDS STERLING'
    },
    {
      account_type: '401K',
      account_balance: 7687815.685781645,
      currency: 'YEN'
    },
    {
      account_type: 'Checking',
      account_balance: 9128407.633252997,
      currency: 'EURO'
    }
  ]
}
{
  _id: ObjectId("641738cd863549711005bec7"),
  first_name: 'ANTHONY',
  last_name: 'SMITH',
  accounts: [
    {
      account_type: 'Savings',
      account_balance: 8436439.162254475,
      currency: 'POUNDS STERLING'
    }
  ]
}
{
  _id: ObjectId("641738cd863549711005bec8"),
  first_name: 'MATTHEW',
  last_name: 'SMITH',
  accounts: [
    {
      account_type: 'Checking',
      account_balance: 7306262.434456466,
      currency: 'YUAN'
    },
    {
      account_type: 'Checking',
      account_balance: 4461773.357745899,
      currency: 'POUNDS STERLING'
    },
    {
      account_type: 'Investment',
      account_balance: 5690772.294958975,
      currency: 'PESO'
    },
    {
      account_type: 'Savings',
      account_balance: 6496898.361854982,
      currency: 'PESO'
    }
  ]
}
{
  _id: ObjectId("641738cd863549711005bec9"),
  first_name: 'RONALD',
  last_name: 'SMITH',
  accounts: [
    {
      account_type: 'Investment',
      account_balance: 2493283.6389967063,
      currency: 'YUAN'
    },
    {
      account_type: '401K',
      account_balance: 4633271.954959409,
      currency: 'YUAN'
    },
    {
      account_type: '401K',
      account_balance: 7348999.742797652,
      currency: 'YEN'
    },
    {
      account_type: '401K',
      account_balance: 2341998.38343059,
      currency: 'YEN'
    },
    {
      account_type: 'Investment',
      account_balance: 1407184.001435296,
      currency: 'POUNDS STERLING'
    },
    {
      account_type: '401K',
      account_balance: 7393776.875547295,
      currency: 'PESO'
    },
    {
      account_type: 'Investment',
      account_balance: 5511508.002603683,
      currency: 'USD'
    },
    {
      account_type: 'Investment',
      account_balance: 7639752.530667685,
      currency: 'EURO'
    }
  ]
}
{
  _id: ObjectId("641738cd863549711005beca"),
  first_name: 'DAVID',
  last_name: 'SMITH',
  accounts: [
    {
      account_type: 'Savings',
      account_balance: 8857597.106995674,
      currency: 'POUNDS STERLING'
    },
    {
      account_type: 'Checking',
      account_balance: 471237.47356353,
      currency: 'USD'
    },
    {
      account_type: 'Investment',
      account_balance: 2834734.162895667,
      currency: 'USD'
    },
    {
      account_type: '401K',
      account_balance: 6177092.375456998,
      currency: 'USD'
    }
  ]
}
{
  _id: ObjectId("641738cd863549711005becb"),
  first_name: 'JASON',
  last_name: 'SMITH',
  accounts: [
    {
      account_type: 'Savings',
      account_balance: 9144369.80675037,
      currency: 'YEN'
    },
    {
      account_type: '401K',
      account_balance: 1201940.1494810788,
      currency: 'POUNDS STERLING'
    },
    {
      account_type: '401K',
      account_balance: 6203406.088905666,
      currency: 'POUNDS STERLING'
    },
    {
      account_type: '401K',
      account_balance: 1755689.7844041009,
      currency: 'YEN'
    },
    {
      account_type: '401K',
      account_balance: 2835552.8116550343,
      currency: 'YUAN'
    },
    {
      account_type: 'Checking',
      account_balance: 6295930.7888331935,
      currency: 'EURO'
    },
    {
      account_type: '401K',
      account_balance: 5688160.9761512885,
      currency: 'EURO'
    }
  ]
}
{
  _id: ObjectId("641738cd863549711005becc"),
  first_name: 'JEFFREY',
  last_name: 'SMITH',
  accounts: [
    {
      account_type: 'Checking',
      account_balance: 6530548.144399805,
      currency: 'EURO'
    },
    {
      account_type: 'Savings',
      account_balance: 1172979.7013590587,
      currency: 'EURO'
    }
  ]
}
{
  _id: ObjectId("641738cd863549711005becd"),
  first_name: 'GARY',
  last_name: 'SMITH',
  accounts: [
    {
      account_type: 'Checking',
      account_balance: 1689550.581933809,
      currency: 'YEN'
    },
    {
      account_type: 'Checking',
      account_balance: 3234528.345237606,
      currency: 'USD'
    },
    {
      account_type: '401K',
      account_balance: 4094713.0255713062,
      currency: 'YEN'
    },
    {
      account_type: '401K',
      account_balance: 1090153.707606369,
      currency: 'YUAN'
    },
    {
      account_type: 'Savings',
      account_balance: 5456246.332395777,
      currency: 'YEN'
    },
    {
      account_type: '401K',
      account_balance: 3844311.2999388725,
      currency: 'POUNDS STERLING'
    },
    {
      account_type: 'Checking',
      account_balance: 5454424.98227164,
      currency: 'YUAN'
    },
    {
      account_type: 'Investment',
      account_balance: 5096100.250082415,
      currency: 'PESO'
    }
  ]
}
{
  _id: ObjectId("641738cd863549711005bece"),
  first_name: 'TIMOTHY',
  last_name: 'SMITH',
  accounts: [
    {
      account_type: '401K',
      account_balance: 2750672.5882634055,
      currency: 'YUAN'
    },
    {
      account_type: '401K',
      account_balance: 8336773.079210629,
      currency: 'POUNDS STERLING'
    },
    {
      account_type: 'Investment',
      account_balance: 6818811.139404453,
      currency: 'POUNDS STERLING'
    },
    {
      account_type: '401K',
      account_balance: 4600906.8572719935,
      currency: 'YEN'
    },
    {
      account_type: '401K',
      account_balance: 8328683.085939264,
      currency: 'YEN'
    },
    {
      account_type: '401K',
      account_balance: 9428489.727548812,
      currency: 'USD'
    },
    {
      account_type: 'Investment',
      account_balance: 3992429.8844449804,
      currency: 'EURO'
    }
  ]
}
{
  _id: ObjectId("641738cd863549711005becf"),
  first_name: 'ROBERT',
  last_name: 'SMITH',
  accounts: [
    {
      account_type: 'Investment',
      account_balance: 3465277.443564153,
      currency: 'PESO'
    },
    {
      account_type: '401K',
      account_balance: 6001520.415853325,
      currency: 'USD'
    },
    {
      account_type: 'Investment',
      account_balance: 1739276.2966888128,
      currency: 'USD'
    },
    {
      account_type: 'Checking',
      account_balance: 7704684.832334223,
      currency: 'YUAN'
    }
  ]
}
{
  _id: ObjectId("641738cd863549711005bed0"),
  first_name: 'DONALD',
  last_name: 'SMITH',
  accounts: [
    {
      account_type: 'Savings',
      account_balance: 9075817.291616874,
      currency: 'YUAN'
    },
    {
      account_type: '401K',
      account_balance: 3447555.7155175945,
      currency: 'POUNDS STERLING'
    }
  ]
}
{
  _id: ObjectId("641738cd863549711005bed1"),
  first_name: 'LARRY',
  last_name: 'SMITH',
  accounts: [
    {
      account_type: 'Investment',
      account_balance: 3759078.6501504136,
      currency: 'USD'
    },
    {
      account_type: 'Savings',
      account_balance: 6219062.553470187,
      currency: 'POUNDS STERLING'
    },
    {
      account_type: 'Savings',
      account_balance: 6933533.137680473,
      currency: 'YEN'
    },
    {
      account_type: 'Savings',
      account_balance: 4451684.485658975,
      currency: 'YEN'
    },
    {
      account_type: 'Savings',
      account_balance: 895803.2180684174,
      currency: 'EURO'
    },
    {
      account_type: '401K',
      account_balance: 6014295.063652024,
      currency: 'EURO'
    },
    {
      account_type: '401K',
      account_balance: 2105122.8409299008,
      currency: 'EURO'
    },
    {
      account_type: 'Investment',
      account_balance: 7335379.207385309,
      currency: 'YUAN'
    }
  ]
}
{
  _id: ObjectId("641738cd863549711005bed2"),
  first_name: 'CHARLES',
  last_name: 'SMITH',
  accounts: [
    {
      account_type: '401K',
      account_balance: 7959552.738209671,
      currency: 'PESO'
    },
    {
      account_type: 'Savings',
      account_balance: 7586797.95113736,
      currency: 'USD'
    },
    {
      account_type: '401K',
      account_balance: 3000642.5318386676,
      currency: 'YUAN'
    },
    {
      account_type: 'Savings',
      account_balance: 8510528.056592602,
      currency: 'POUNDS STERLING'
    },
    {
      account_type: 'Savings',
      account_balance: 9792223.997477302,
      currency: 'EURO'
    },
    {
      account_type: 'Savings',
      account_balance: 2541888.2929410744,
      currency: 'POUNDS STERLING'
    }
  ]
}
{
  _id: ObjectId("641738cd863549711005bed3"),
  first_name: 'JAMES',
  last_name: 'SMITH',
  accounts: [
    {
      account_type: 'Savings',
      account_balance: 8995952.153640702,
      currency: 'PESO'
    },
    {
      account_type: 'Checking',
      account_balance: 3901436.5580737568,
      currency: 'USD'
    }
  ]
}
{
  _id: ObjectId("641738cd863549711005bed4"),
  first_name: 'CHRISTOPHER',
  last_name: 'SMITH',
  accounts: [
    {
      account_type: 'Savings',
      account_balance: 1870338.5807330757,
      currency: 'POUNDS STERLING'
    },
    {
      account_type: 'Checking',
      account_balance: 5098043.412530517,
      currency: 'POUNDS STERLING'
    },
    {
      account_type: 'Checking',
      account_balance: 3042158.5783834355,
      currency: 'YEN'
    },
    {
      account_type: 'Investment',
      account_balance: 2721431.0181220435,
      currency: 'PESO'
    },
    {
      account_type: 'Savings',
      account_balance: 2135388.570106006,
      currency: 'USD'
    },
    {
      account_type: 'Savings',
      account_balance: 2416831.8654360515,
      currency: 'PESO'
    },
    {
      account_type: 'Savings',
      account_balance: 405349.36727577704,
      currency: 'POUNDS STERLING'
    },
    {
      account_type: 'Investment',
      account_balance: 6140519.315997784,
      currency: 'YEN'
    }
  ]
}
{
  _id: ObjectId("641738cd863549711005bed5"),
  first_name: 'ERIC',
  last_name: 'SMITH',
  accounts: [
    {
      account_type: 'Checking',
      account_balance: 5708037.488725111,
      currency: 'YUAN'
    },
    {
      account_type: 'Investment',
      account_balance: 3233489.8810895467,
      currency: 'PESO'
    }
  ]
}
{
  _id: ObjectId("641738cd863549711005bed6"),
  first_name: 'JOSE',
  last_name: 'SMITH',
  accounts: [
    {
      account_type: 'Investment',
      account_balance: 6609320.603617963,
      currency: 'YUAN'
    },
    {
      account_type: 'Investment',
      account_balance: 647398.8415543658,
      currency: 'YEN'
    },
    {
      account_type: 'Investment',
      account_balance: 8929671.450689185,
      currency: 'YUAN'
    },
    {
      account_type: 'Savings',
      account_balance: 8185125.893101759,
      currency: 'PESO'
    },
    {
      account_type: 'Checking',
      account_balance: 5491299.946211371,
      currency: 'YUAN'
    },
    {
      account_type: '401K',
      account_balance: 5548263.96215673,
      currency: 'EURO'
    },
    {
      account_type: 'Savings',
      account_balance: 9867639.877339946,
      currency: 'EURO'
    },
    {
      account_type: 'Investment',
      account_balance: 8460019.334789598,
      currency: 'PESO'
    }
  ]
}
{
  _id: ObjectId("641738cd863549711005bed7"),
  first_name: 'FRANK',
  last_name: 'SMITH',
  accounts: [
    {
      account_type: 'Savings',
      account_balance: 3391089.6451067976,
      currency: 'YUAN'
    },
    {
      account_type: '401K',
      account_balance: 8561220.253581073,
      currency: 'EURO'
    },
    {
      account_type: 'Checking',
      account_balance: 2294882.8419566215,
      currency: 'YUAN'
    },
    {
      account_type: 'Savings',
      account_balance: 4393639.877193107,
      currency: 'POUNDS STERLING'
    },
    {
      account_type: 'Investment',
      account_balance: 9308663.784051068,
      currency: 'YEN'
    }
  ]
}
{
  _id: ObjectId("641738cd863549711005bed8"),
  first_name: 'THOMAS',
  last_name: 'SMITH',
  accounts: [
    {
      account_type: 'Investment',
      account_balance: 936130.4617335526,
      currency: 'EURO'
    },
    {
      account_type: '401K',
      account_balance: 4173144.9420674974,
      currency: 'EURO'
    },
    {
      account_type: '401K',
      account_balance: 8282074.554095908,
      currency: 'POUNDS STERLING'
    },
    {
      account_type: 'Savings',
      account_balance: 7890796.5475060865,
      currency: 'POUNDS STERLING'
    },
    {
      account_type: 'Savings',
      account_balance: 4747966.686441477,
      currency: 'PESO'
    }
  ]
}
{
  _id: ObjectId("641738cd863549711005bed9"),
  first_name: 'SCOTT',
  last_name: 'SMITH',
  accounts: [
    {
      account_type: '401K',
      account_balance: 1473176.1946518857,
      currency: 'EURO'
    },
    {
      account_type: 'Savings',
      account_balance: 177682.7833815054,
      currency: 'YUAN'
    },
    {
      account_type: 'Investment',
      account_balance: 6405889.286820596,
      currency: 'YEN'
    },
    {
      account_type: '401K',
      account_balance: 8609971.632725786,
      currency: 'PESO'
    },
    {
      account_type: 'Investment',
      account_balance: 6168197.838305248,
      currency: 'YUAN'
    },
    {
      account_type: '401K',
      account_balance: 9907911.718958965,
      currency: 'POUNDS STERLING'
    },
    {
      account_type: 'Savings',
      account_balance: 5830650.2890201565,
      currency: 'PESO'
    },
    {
      account_type: '401K',
      account_balance: 8811181.638302729,
      currency: 'USD'
    },
    {
      account_type: '401K',
      account_balance: 3821459.5775807844,
      currency: 'POUNDS STERLING'
    }
  ]
}
{
  _id: ObjectId("641738cd863549711005beda"),
  first_name: 'RICHARD',
  last_name: 'SMITH',
  accounts: [
    {
      account_type: 'Checking',
      account_balance: 714872.2542833243,
      currency: 'EURO'
    },
    {
      account_type: 'Investment',
      account_balance: 4812651.936193353,
      currency: 'YUAN'
    },
    {
      account_type: 'Investment',
      account_balance: 2862753.076585194,
      currency: 'PESO'
    },
    {
      account_type: '401K',
      account_balance: 7518653.660258865,
      currency: 'EURO'
    },
    {
      account_type: 'Checking',
      account_balance: 2349544.575176711,
      currency: 'YEN'
    },
    {
      account_type: 'Checking',
      account_balance: 8443090.325156216,
      currency: 'YEN'
    },
    {
      account_type: 'Investment',
      account_balance: 745273.1369779429,
      currency: 'PESO'
    },
    {
      account_type: 'Checking',
      account_balance: 8711574.840919748,
      currency: 'POUNDS STERLING'
    }
  ]
}
{
  _id: ObjectId("641738cd863549711005bedb"),
  first_name: 'JOSEPH',
  last_name: 'SMITH',
  accounts: [
    {
      account_type: 'Savings',
      account_balance: 4622864.137518865,
      currency: 'YEN'
    },
    {
      account_type: 'Savings',
      account_balance: 6580439.762613354,
      currency: 'EURO'
    },
    {
      account_type: 'Investment',
      account_balance: 9045715.151562946,
      currency: 'POUNDS STERLING'
    },
    {
      account_type: 'Checking',
      account_balance: 8273872.604220738,
      currency: 'YUAN'
    },
    {
      account_type: '401K',
      account_balance: 8996205.352283742,
      currency: 'USD'
    },
    {
      account_type: '401K',
      account_balance: 2691894.235052195,
      currency: 'YUAN'
    }
  ]
}
{
  _id: ObjectId("641738cd863549711005bedc"),
  first_name: 'ANDREW',
  last_name: 'SMITH',
  accounts: [
    {
      account_type: 'Investment',
      account_balance: 6564642.067651129,
      currency: 'PESO'
    },
    {
      account_type: 'Savings',
      account_balance: 5084316.701698672,
      currency: 'PESO'
    },
    {
      account_type: '401K',
      account_balance: 1781721.3490503912,
      currency: 'USD'
    }
  ]
}
{
  _id: ObjectId("641738cd863549711005bedd"),
  first_name: 'GREGORY',
  last_name: 'SMITH',
  accounts: [
    {
      account_type: 'Savings',
      account_balance: 2569907.038992555,
      currency: 'YUAN'
    },
    {
      account_type: 'Investment',
      account_balance: 6160347.143688887,
      currency: 'EURO'
    },
    {
      account_type: 'Checking',
      account_balance: 193573.47555011907,
      currency: 'YUAN'
    }
  ]
}
{
  _id: ObjectId("641738cd863549711005bede"),
  first_name: 'STEPHEN',
  last_name: 'SMITH',
  accounts: [
    {
      account_type: 'Investment',
      account_balance: 2355138.745269624,
      currency: 'PESO'
    },
    {
      account_type: 'Investment',
      account_balance: 7257558.34321075,
      currency: 'YUAN'
    },
    {
      account_type: '401K',
      account_balance: 9789208.279821705,
      currency: 'PESO'
    },
    {
      account_type: 'Investment',
      account_balance: 6500497.948857283,
      currency: 'PESO'
    },
    {
      account_type: 'Savings',
      account_balance: 3840263.4092185786,
      currency: 'USD'
    },
    {
      account_type: '401K',
      account_balance: 2338668.7309363224,
      currency: 'YEN'
    },
    {
      account_type: 'Checking',
      account_balance: 843361.8251650636,
      currency: 'USD'
    },
    {
      account_type: 'Savings',
      account_balance: 8284152.218136787,
      currency: 'USD'
    },
    {
      account_type: 'Investment',
      account_balance: 1293129.6961859262,
      currency: 'POUNDS STERLING'
    }
  ]
}
{
  _id: ObjectId("641738cd863549711005bedf"),
  first_name: 'RAYMOND',
  last_name: 'SMITH',
  accounts: [
    {
      account_type: 'Checking',
      account_balance: 7154717.13502707,
      currency: 'YUAN'
    },
    {
      account_type: 'Investment',
      account_balance: 6874010.299247401,
      currency: 'YEN'
    },
    {
      account_type: 'Savings',
      account_balance: 8472491.191023117,
      currency: 'PESO'
    },
    {
      account_type: 'Savings',
      account_balance: 9257189.639393922,
      currency: 'PESO'
    },
    {
      account_type: 'Savings',
      account_balance: 1596264.0625447354,
      currency: 'YUAN'
    },
    {
      account_type: 'Checking',
      account_balance: 8371425.206889373,
      currency: 'YEN'
    }
  ]
}
{
  _id: ObjectId("641738cd863549711005bee0"),
  first_name: 'PATRICK',
  last_name: 'SMITH',
  accounts: [
    {
      account_type: 'Checking',
      account_balance: 8379175.33963249,
      currency: 'POUNDS STERLING'
    }
  ]
}
{
  _id: ObjectId("641738cd863549711005bee1"),
  first_name: 'JOSHUA',
  last_name: 'SMITH',
  accounts: [
    {
      account_type: '401K',
      account_balance: 2576445.1044204514,
      currency: 'POUNDS STERLING'
    },
    {
      account_type: 'Checking',
      account_balance: 4112251.555500838,
      currency: 'USD'
    },
    {
      account_type: 'Checking',
      account_balance: 2551297.8118438795,
      currency: 'EURO'
    },
    {
      account_type: '401K',
      account_balance: 3615949.053075526,
      currency: 'YUAN'
    },
    {
      account_type: '401K',
      account_balance: 7038231.230597571,
      currency: 'POUNDS STERLING'
    },
    {
      account_type: '401K',
      account_balance: 9685695.250524476,
      currency: 'EURO'
    },
    {
      account_type: '401K',
      account_balance: 4046890.1423443444,
      currency: 'POUNDS STERLING'
    },
    {
      account_type: 'Investment',
      account_balance: 7322304.794819496,
      currency: 'USD'
    }
  ]
}
{
  _id: ObjectId("641738cd863549711005bee2"),
  first_name: 'WALTER',
  last_name: 'SMITH',
  accounts: [
    {
      account_type: 'Investment',
      account_balance: 1532954.0384936118,
      currency: 'YEN'
    },
    {
      account_type: 'Savings',
      account_balance: 8898532.290037047,
      currency: 'PESO'
    },
    {
      account_type: '401K',
      account_balance: 8446439.24438432,
      currency: 'EURO'
    },
    {
      account_type: 'Investment',
      account_balance: 7267786.247774322,
      currency: 'YEN'
    },
    {
      account_type: 'Savings',
      account_balance: 3604354.9426694363,
      currency: 'USD'
    },
    {
      account_type: 'Investment',
      account_balance: 7973781.371323074,
      currency: 'POUNDS STERLING'
    },
    {
      account_type: 'Checking',
      account_balance: 2723171.5317830946,
      currency: 'YEN'
    }
  ]
}
{
  _id: ObjectId("641738cd863549711005bee3"),
  first_name: 'JERRY',
  last_name: 'SMITH',
  accounts: [
    {
      account_type: 'Checking',
      account_balance: 5356347.344225762,
      currency: 'EURO'
    },
    {
      account_type: 'Checking',
      account_balance: 6969942.184265779,
      currency: 'POUNDS STERLING'
    },
    {
      account_type: 'Checking',
      account_balance: 798515.9957408805,
      currency: 'YUAN'
    },
    {
      account_type: 'Savings',
      account_balance: 5938737.790410241,
      currency: 'USD'
    },
    {
      account_type: 'Savings',
      account_balance: 870021.9975617621,
      currency: 'YUAN'
    },
    {
      account_type: 'Investment',
      account_balance: 7407830.787906559,
      currency: 'POUNDS STERLING'
    },
    {
      account_type: 'Checking',
      account_balance: 5984308.165441955,
      currency: 'YEN'
    },
    {
      account_type: 'Checking',
      account_balance: 2751767.3136025714,
      currency: 'POUNDS STERLING'
    }
  ]
}
{
  _id: ObjectId("641738cd863549711005bee4"),
  first_name: 'DANIEL',
  last_name: 'SMITH',
  accounts: [
    {
      account_type: '401K',
      account_balance: 8382349.386766551,
      currency: 'PESO'
    },
    {
      account_type: 'Savings',
      account_balance: 6605864.850059703,
      currency: 'YUAN'
    },
    {
      account_type: 'Savings',
      account_balance: 3849188.922156063,
      currency: 'YEN'
    },
    {
      account_type: '401K',
      account_balance: 4040933.2733676303,
      currency: 'YUAN'
    },
    {
      account_type: 'Savings',
      account_balance: 6169503.517499695,
      currency: 'YUAN'
    },
    {
      account_type: '401K',
      account_balance: 7641660.104955465,
      currency: 'EURO'
    },
    {
      account_type: 'Checking',
      account_balance: 6103871.976585753,
      currency: 'YEN'
    },
    {
      account_type: '401K',
      account_balance: 5707269.0824853135,
      currency: 'YEN'
    }
  ]
}
{
  _id: ObjectId("641738cd863549711005bee5"),
  first_name: 'DENNIS',
  last_name: 'SMITH',
  accounts: [
    {
      account_type: 'Savings',
      account_balance: 778479.9243429175,
      currency: 'USD'
    },
    {
      account_type: 'Investment',
      account_balance: 5677426.921102093,
      currency: 'EURO'
    },
    {
      account_type: 'Savings',
      account_balance: 3653420.0610750997,
      currency: 'POUNDS STERLING'
    },
    {
      account_type: 'Checking',
      account_balance: 8111720.978292176,
      currency: 'POUNDS STERLING'
    },
    {
      account_type: 'Checking',
      account_balance: 6911162.292044167,
      currency: 'YEN'
    },
    {
      account_type: 'Investment',
      account_balance: 1512410.3614186475,
      currency: 'YEN'
    },
    {
      account_type: 'Savings',
      account_balance: 9182811.597364968,
      currency: 'POUNDS STERLING'
    },
    {
      account_type: 'Savings',
      account_balance: 7637600.740342199,
      currency: 'EURO'
    },
    {
      account_type: 'Investment',
      account_balance: 1798895.0264128838,
      currency: 'YEN'
    }
  ]
}
{
  _id: ObjectId("641738cd863549711005bee6"),
  first_name: 'DOUGLAS',
  last_name: 'SMITH',
  accounts: [
    {
      account_type: 'Investment',
      account_balance: 3191153.9936926356,
      currency: 'USD'
    },
    {
      account_type: 'Investment',
      account_balance: 8218969.947187914,
      currency: 'YUAN'
    },
    {
      account_type: '401K',
      account_balance: 3981118.083494397,
      currency: 'EURO'
    }
  ]
}
{
  _id: ObjectId("641738cd863549711005bee7"),
  first_name: 'PETER',
  last_name: 'SMITH',
  accounts: [
    {
      account_type: 'Checking',
      account_balance: 2945775.055512581,
      currency: 'POUNDS STERLING'
    },
    {
      account_type: 'Savings',
      account_balance: 9387533.36623421,
      currency: 'YEN'
    },
    {
      account_type: 'Savings',
      account_balance: 9554579.834532645,
      currency: 'USD'
    },
    {
      account_type: 'Savings',
      account_balance: 8499897.653078984,
      currency: 'POUNDS STERLING'
    },
    {
      account_type: 'Savings',
      account_balance: 5767262.432020949,
      currency: 'POUNDS STERLING'
    },
    {
      account_type: 'Savings',
      account_balance: 2260917.625143932,
      currency: 'EURO'
    },
    {
      account_type: 'Investment',
      account_balance: 4779649.182957621,
      currency: 'PESO'
    },
    {
      account_type: 'Savings',
      account_balance: 5050979.459337104,
      currency: 'PESO'
    }
  ]
}
{
  _id: ObjectId("641738cd863549711005bee8"),
  first_name: 'HENRY',
  last_name: 'SMITH',
  accounts: [
    {
      account_type: 'Checking',
      account_balance: 6730721.159646517,
      currency: 'POUNDS STERLING'
    },
    {
      account_type: 'Checking',
      account_balance: 9896870.693034953,
      currency: 'YUAN'
    },
    {
      account_type: 'Savings',
      account_balance: 7346447.914541776,
      currency: 'YUAN'
    }
  ]
}
{
  _id: ObjectId("641738cd863549711005bee9"),
  first_name: 'HAROLD',
  last_name: 'SMITH',
  accounts: [
    {
      account_type: 'Checking',
      account_balance: 8160498.511300475,
      currency: 'EURO'
    },
    {
      account_type: '401K',
      account_balance: 8388616.008943994,
      currency: 'POUNDS STERLING'
    },
    {
      account_type: 'Savings',
      account_balance: 8554720.84967769,
      currency: 'POUNDS STERLING'
    },
    {
      account_type: 'Savings',
      account_balance: 829902.0453262492,
      currency: 'USD'
    },
    {
      account_type: 'Savings',
      account_balance: 1760341.4910703457,
      currency: 'YEN'
    },
    {
      account_type: '401K',
      account_balance: 545689.5743562116,
      currency: 'YEN'
    },
    {
      account_type: 'Checking',
      account_balance: 7843841.046815641,
      currency: 'POUNDS STERLING'
    }
  ]
}
{
  _id: ObjectId("641738cd863549711005beea"),
  first_name: 'CARL',
  last_name: 'SMITH',
  accounts: [
    {
      account_type: '401K',
      account_balance: 2062346.9851512057,
      currency: 'EURO'
    },
    {
      account_type: 'Investment',
      account_balance: 920035.6097071606,
      currency: 'PESO'
    }
  ]
}
{
  _id: ObjectId("641738cd863549711005beeb"),
  first_name: 'JOE',
  last_name: 'SMITH',
  accounts: [
    {
      account_type: 'Investment',
      account_balance: 1895471.7218645413,
      currency: 'PESO'
    },
    {
      account_type: '401K',
      account_balance: 2562095.2224331843,
      currency: 'POUNDS STERLING'
    },
    {
      account_type: 'Savings',
      account_balance: 9248953.416851433,
      currency: 'POUNDS STERLING'
    },
    {
      account_type: 'Savings',
      account_balance: 1828282.3997453344,
      currency: 'POUNDS STERLING'
    },
    {
      account_type: 'Checking',
      account_balance: 5564024.644035234,
      currency: 'PESO'
    }
  ]
}
{
  _id: ObjectId("641738cd863549711005beec"),
  first_name: 'RYAN',
  last_name: 'SMITH',
  accounts: [
    {
      account_type: '401K',
      account_balance: 9938199.841784136,
      currency: 'PESO'
    },
    {
      account_type: '401K',
      account_balance: 6374727.69526649,
      currency: 'USD'
    },
    {
      account_type: 'Checking',
      account_balance: 9075044.284644017,
      currency: 'POUNDS STERLING'
    },
    {
      account_type: 'Investment',
      account_balance: 2157188.2030681306,
      currency: 'POUNDS STERLING'
    },
    {
      account_type: 'Savings',
      account_balance: 2088514.2248565985,
      currency: 'POUNDS STERLING'
    },
    {
      account_type: 'Investment',
      account_balance: 6170070.220244758,
      currency: 'EURO'
    }
  ]
}
{
  _id: ObjectId("641738cd863549711005beed"),
  first_name: 'JUAN',
  last_name: 'SMITH',
  accounts: [
    {
      account_type: 'Investment',
      account_balance: 6171950.769882431,
      currency: 'PESO'
    },
    {
      account_type: '401K',
      account_balance: 8845623.217251472,
      currency: 'POUNDS STERLING'
    }
  ]
}
{
  _id: ObjectId("641738cd863549711005beee"),
  first_name: 'ROGER',
  last_name: 'SMITH',
  accounts: [
    {
      account_type: '401K',
      account_balance: 796487.5101836363,
      currency: 'PESO'
    },
    {
      account_type: '401K',
      account_balance: 7362643.803415878,
      currency: 'EURO'
    },
    {
      account_type: '401K',
      account_balance: 5450017.9037533,
      currency: 'EURO'
    },
    {
      account_type: 'Checking',
      account_balance: 2386397.1245126184,
      currency: 'YUAN'
    },
    {
      account_type: 'Investment',
      account_balance: 8201096.536977101,
      currency: 'USD'
    },
    {
      account_type: 'Savings',
      account_balance: 6588340.723032347,
      currency: 'USD'
    },
    {
      account_type: 'Savings',
      account_balance: 450320.6737778904,
      currency: 'YUAN'
    },
    {
      account_type: 'Investment',
      account_balance: 6558147.592771979,
      currency: 'YUAN'
    }
  ]
}
{
  _id: ObjectId("641738cd863549711005beef"),
  first_name: 'ARTHUR',
  last_name: 'SMITH',
  accounts: [
    {
      account_type: 'Investment',
      account_balance: 4981246.262456013,
      currency: 'PESO'
    },
    {
      account_type: 'Checking',
      account_balance: 7848307.483172338,
      currency: 'USD'
    },
    {
      account_type: 'Checking',
      account_balance: 7874020.644960353,
      currency: 'EURO'
    },
    {
      account_type: 'Savings',
      account_balance: 4352580.569819708,
      currency: 'YEN'
    },
    {
      account_type: 'Checking',
      account_balance: 2234254.9311916153,
      currency: 'POUNDS STERLING'
    },
    {
      account_type: 'Savings',
      account_balance: 2255783.20472231,
      currency: 'YEN'
    },
    {
      account_type: 'Savings',
      account_balance: 5112111.231862736,
      currency: 'USD'
    },
    {
      account_type: '401K',
      account_balance: 7713431.696665003,
      currency: 'YEN'
    }
  ]
}
{
  _id: ObjectId("641738cd863549711005bef0"),
  first_name: 'ALBERT',
  last_name: 'SMITH',
  accounts: [
    {
      account_type: 'Investment',
      account_balance: 4821991.335826526,
      currency: 'YUAN'
    },
    {
      account_type: 'Investment',
      account_balance: 9425443.872297714,
      currency: 'USD'
    }
  ]
}
{
  _id: ObjectId("641738cd863549711005bef1"),
  first_name: 'GERALD',
  last_name: 'SMITH',
  accounts: [
    {
      account_type: '401K',
      account_balance: 1255474.332901143,
      currency: 'USD'
    }
  ]
}
{
  _id: ObjectId("641738cd863549711005bef2"),
  first_name: 'JACK',
  last_name: 'SMITH',
  accounts: [
    {
      account_type: '401K',
      account_balance: 5754928.029672472,
      currency: 'YEN'
    },
    {
      account_type: 'Checking',
      account_balance: 5964859.802767627,
      currency: 'YUAN'
    },
    {
      account_type: 'Savings',
      account_balance: 8321064.213786688,
      currency: 'PESO'
    },
    {
      account_type: 'Checking',
      account_balance: 920856.9895697047,
      currency: 'POUNDS STERLING'
    },
    {
      account_type: 'Investment',
      account_balance: 3739566.242757339,
      currency: 'POUNDS STERLING'
    }
  ]
}
{
  _id: ObjectId("641738cd863549711005bef3"),
  first_name: 'JUSTIN',
  last_name: 'SMITH',
  accounts: [
    {
      account_type: '401K',
      account_balance: 6019867.745806983,
      currency: 'POUNDS STERLING'
    },
    {
      account_type: '401K',
      account_balance: 8508857.566740628,
      currency: 'EURO'
    },
    {
      account_type: '401K',
      account_balance: 9688309.014053676,
      currency: 'PESO'
    },
    {
      account_type: 'Savings',
      account_balance: 1606573.0550284632,
      currency: 'POUNDS STERLING'
    },
    {
      account_type: 'Savings',
      account_balance: 9076718.99571514,
      currency: 'USD'
    }
  ]
}
{
  _id: ObjectId("641738cd863549711005bef4"),
  first_name: 'JONATHAN',
  last_name: 'SMITH',
  accounts: [
    {
      account_type: 'Checking',
      account_balance: 2913395.3500320436,
      currency: 'EURO'
    },
    {
      account_type: 'Checking',
      account_balance: 3982489.1508402685,
      currency: 'PESO'
    },
    {
      account_type: '401K',
      account_balance: 4179010.0664665606,
      currency: 'YEN'
    },
    {
      account_type: 'Investment',
      account_balance: 3170325.648587981,
      currency: 'PESO'
    },
    {
      account_type: 'Investment',
      account_balance: 1068025.4691481842,
      currency: 'USD'
    },
    {
      account_type: 'Checking',
      account_balance: 1789451.0439216513,
      currency: 'POUNDS STERLING'
    },
    {
      account_type: 'Savings',
      account_balance: 8554996.316241262,
      currency: 'EURO'
    },
    {
      account_type: '401K',
      account_balance: 987581.3372985001,
      currency: 'EURO'
    },
    {
      account_type: 'Checking',
      account_balance: 6311203.983928602,
      currency: 'YEN'
    }
  ]
}
{
  _id: ObjectId("641738cd863549711005bef5"),
  first_name: 'SAMUEL',
  last_name: 'SMITH',
  accounts: [
    {
      account_type: 'Investment',
      account_balance: 8703552.021610666,
      currency: 'POUNDS STERLING'
    },
    {
      account_type: 'Checking',
      account_balance: 4097305.1917321617,
      currency: 'POUNDS STERLING'
    },
    {
      account_type: 'Checking',
      account_balance: 6762262.712146619,
      currency: 'USD'
    },
    {
      account_type: '401K',
      account_balance: 7165353.098535903,
      currency: 'YUAN'
    },
    {
      account_type: 'Savings',
      account_balance: 2210777.620896266,
      currency: 'POUNDS STERLING'
    }
  ]
}
{
  _id: ObjectId("641738cd863549711005bef6"),
  first_name: 'TERRY',
  last_name: 'SMITH',
  accounts: [
    {
      account_type: 'Investment',
      account_balance: 5010024.748791601,
      currency: 'YUAN'
    },
    {
      account_type: 'Savings',
      account_balance: 8051313.949280103,
      currency: 'YEN'
    },
    {
      account_type: '401K',
      account_balance: 9823125.687194807,
      currency: 'YEN'
    },
    {
      account_type: 'Savings',
      account_balance: 4441198.055287769,
      currency: 'USD'
    },
    {
      account_type: 'Savings',
      account_balance: 8213709.376807868,
      currency: 'EURO'
    },
    {
      account_type: 'Savings',
      account_balance: 7266375.06371256,
      currency: 'POUNDS STERLING'
    },
    {
      account_type: 'Investment',
      account_balance: 5160089.357234136,
      currency: 'YEN'
    },
    {
      account_type: '401K',
      account_balance: 1044764.2163553138,
      currency: 'POUNDS STERLING'
    },
    {
      account_type: '401K',
      account_balance: 9224521.223944124,
      currency: 'YEN'
    }
  ]
}
{
  _id: ObjectId("641738cd863549711005bef7"),
  first_name: 'ROY',
  last_name: 'SMITH',
  accounts: [
    {
      account_type: '401K',
      account_balance: 7355824.341228507,
      currency: 'YEN'
    }
  ]
}
{
  _id: ObjectId("641738cd863549711005bef8"),
  first_name: 'KEITH',
  last_name: 'SMITH',
  accounts: [
    {
      account_type: 'Checking',
      account_balance: 6690685.191744078,
      currency: 'YEN'
    },
    {
      account_type: 'Savings',
      account_balance: 6981312.060158001,
      currency: 'POUNDS STERLING'
    },
    {
      account_type: '401K',
      account_balance: 6968498.995306942,
      currency: 'POUNDS STERLING'
    },
    {
      account_type: '401K',
      account_balance: 5137423.27072967,
      currency: 'YEN'
    },
    {
      account_type: 'Savings',
      account_balance: 2419493.315004611,
      currency: 'PESO'
    },
    {
      account_type: 'Checking',
      account_balance: 3047294.256090408,
      currency: 'YEN'
    },
    {
      account_type: 'Investment',
      account_balance: 1170819.7712750842,
      currency: 'PESO'
    },
    {
      account_type: '401K',
      account_balance: 816106.7006841316,
      currency: 'YEN'
    },
    {
      account_type: 'Savings',
      account_balance: 5800855.769438475,
      currency: 'YEN'
    }
  ]
}
{
  _id: ObjectId("641738cd863549711005bef9"),
  first_name: 'NICHOLAS',
  last_name: 'SMITH',
  accounts: [
    {
      account_type: '401K',
      account_balance: 9417728.955185927,
      currency: 'EURO'
    },
    {
      account_type: '401K',
      account_balance: 6543907.073655406,
      currency: 'YEN'
    },
    {
      account_type: 'Investment',
      account_balance: 1816187.9409926806,
      currency: 'YEN'
    },
    {
      account_type: '401K',
      account_balance: 7307500.618382373,
      currency: 'PESO'
    }
  ]
}
{
  _id: ObjectId("641738cd863549711005befa"),
  first_name: 'LAWRENCE',
  last_name: 'SMITH',
  accounts: [
    {
      account_type: '401K',
      account_balance: 6998458.8060026355,
      currency: 'YUAN'
    },
    {
      account_type: '401K',
      account_balance: 6571757.243352819,
      currency: 'EURO'
    },
    {
      account_type: 'Checking',
      account_balance: 9215683.15054612,
      currency: 'USD'
    },
    {
      account_type: '401K',
      account_balance: 2638196.8350389446,
      currency: 'PESO'
    },
    {
      account_type: 'Savings',
      account_balance: 2306034.928086549,
      currency: 'USD'
    },
    {
      account_type: '401K',
      account_balance: 75791.77092939592,
      currency: 'USD'
    }
  ]
}
{
  _id: ObjectId("641738cd863549711005befb"),
  first_name: 'BRUCE',
  last_name: 'SMITH',
  accounts: [
    {
      account_type: '401K',
      account_balance: 592785.4253446155,
      currency: 'USD'
    },
    {
      account_type: '401K',
      account_balance: 4055497.496895705,
      currency: 'YUAN'
    }
  ]
}
{
  _id: ObjectId("641738cd863549711005befc"),
  first_name: 'WILLIE',
  last_name: 'SMITH',
  accounts: [
    {
      account_type: 'Savings',
      account_balance: 5106783.119648027,
      currency: 'POUNDS STERLING'
    },
    {
      account_type: 'Savings',
      account_balance: 6169912.507767438,
      currency: 'YUAN'
    },
    {
      account_type: 'Checking',
      account_balance: 6156167.8806193555,
      currency: 'POUNDS STERLING'
    },
    {
      account_type: '401K',
      account_balance: 900506.7481741444,
      currency: 'PESO'
    },
    {
      account_type: 'Checking',
      account_balance: 1384401.8628364122,
      currency: 'YEN'
    },
    {
      account_type: 'Savings',
      account_balance: 4968515.906026227,
      currency: 'YUAN'
    },
    {
      account_type: 'Investment',
      account_balance: 3474038.7550349273,
      currency: 'POUNDS STERLING'
    },
    {
      account_type: '401K',
      account_balance: 8363342.920311542,
      currency: 'POUNDS STERLING'
    },
    {
      account_type: '401K',
      account_balance: 5947817.737569911,
      currency: 'YEN'
    }
  ]
}
{
  _id: ObjectId("641738cd863549711005befd"),
  first_name: 'RALPH',
  last_name: 'SMITH',
  accounts: [
    {
      account_type: 'Checking',
      account_balance: 1433428.0426491243,
      currency: 'YEN'
    },
    {
      account_type: 'Savings',
      account_balance: 8616077.902126674,
      currency: 'USD'
    },
    {
      account_type: 'Investment',
      account_balance: 3868805.209258722,
      currency: 'YUAN'
    },
    {
      account_type: 'Investment',
      account_balance: 5960193.565142364,
      currency: 'EURO'
    },
    {
      account_type: 'Savings',
      account_balance: 4241868.317623448,
      currency: 'EURO'
    },
    {
      account_type: 'Checking',
      account_balance: 8990907.733895384,
      currency: 'YEN'
    },
    {
      account_type: 'Investment',
      account_balance: 656602.5614718252,
      currency: 'USD'
    },
    {
      account_type: 'Investment',
      account_balance: 5698587.236105273,
      currency: 'YEN'
    },
    {
      account_type: 'Savings',
      account_balance: 9769410.12406486,
      currency: 'EURO'
    }
  ]
}
{
  _id: ObjectId("641738cd863549711005befe"),
  first_name: 'BENJAMIN',
  last_name: 'SMITH',
  accounts: [
    {
      account_type: 'Checking',
      account_balance: 5717578.980680155,
      currency: 'EURO'
    },
    {
      account_type: 'Savings',
      account_balance: 6982661.395093768,
      currency: 'PESO'
    },
    {
      account_type: '401K',
      account_balance: 2241322.0157286683,
      currency: 'YEN'
    },
    {
      account_type: 'Investment',
      account_balance: 8602467.359804556,
      currency: 'YEN'
    },
    {
      account_type: 'Investment',
      account_balance: 6615492.347317605,
      currency: 'YUAN'
    },
    {
      account_type: '401K',
      account_balance: 4847132.7331317905,
      currency: 'POUNDS STERLING'
    },
    {
      account_type: 'Investment',
      account_balance: 1879258.0587008803,
      currency: 'EURO'
    },
    {
      account_type: 'Investment',
      account_balance: 5937676.955896176,
      currency: 'EURO'
    },
    {
      account_type: 'Checking',
      account_balance: 424045.9734279716,
      currency: 'YUAN'
    }
  ]
}
{
  _id: ObjectId("641738cd863549711005beff"),
  first_name: 'FRED',
  last_name: 'SMITH',
  accounts: [
    {
      account_type: 'Checking',
      account_balance: 5803697.9980139155,
      currency: 'POUNDS STERLING'
    },
    {
      account_type: 'Savings',
      account_balance: 2903809.315251017,
      currency: 'USD'
    },
    {
      account_type: 'Investment',
      account_balance: 5104510.900012461,
      currency: 'YEN'
    }
  ]
}
{
  _id: ObjectId("641738cd863549711005bf00"),
  first_name: 'HARRY',
  last_name: 'SMITH',
  accounts: [
    {
      account_type: 'Investment',
      account_balance: 3203404.241741685,
      currency: 'YEN'
    },
    {
      account_type: 'Checking',
      account_balance: 7529376.143626228,
      currency: 'YUAN'
    },
    {
      account_type: 'Savings',
      account_balance: 3616930.8858317924,
      currency: 'EURO'
    },
    {
      account_type: '401K',
      account_balance: 2416143.604152398,
      currency: 'PESO'
    }
  ]
}
{
  _id: ObjectId("641738cd863549711005bf01"),
  first_name: 'BILLY',
  last_name: 'SMITH',
  accounts: [
    {
      account_type: '401K',
      account_balance: 8691011.49664228,
      currency: 'USD'
    }
  ]
}
{
  _id: ObjectId("641738cd863549711005bf02"),
  first_name: 'BRANDON',
  last_name: 'SMITH',
  accounts: [
    {
      account_type: 'Investment',
      account_balance: 5393645.172809904,
      currency: 'PESO'
    },
    {
      account_type: 'Checking',
      account_balance: 2282996.3312159395,
      currency: 'USD'
    },
    {
      account_type: 'Checking',
      account_balance: 57185.412253963295,
      currency: 'USD'
    },
    {
      account_type: 'Savings',
      account_balance: 5841834.459209571,
      currency: 'YEN'
    },
    {
      account_type: 'Investment',
      account_balance: 5389791.8097446235,
      currency: 'YEN'
    },
    {
      account_type: 'Savings',
      account_balance: 7546000.070641126,
      currency: 'EURO'
    },
    {
      account_type: 'Savings',
      account_balance: 3845820.5056918096,
      currency: 'YEN'
    },
    {
      account_type: '401K',
      account_balance: 5212366.003847128,
      currency: 'USD'
    },
    {
      account_type: 'Checking',
      account_balance: 5149551.704126448,
      currency: 'PESO'
    }
  ]
}
{
  _id: ObjectId("641738cd863549711005bf03"),
  first_name: 'AARON',
  last_name: 'SMITH',
  accounts: [
    {
      account_type: 'Savings',
      account_balance: 1455321.836970739,
      currency: 'EURO'
    }
  ]
}
{
  _id: ObjectId("641738cd863549711005bf04"),
  first_name: 'JEREMY',
  last_name: 'SMITH',
  accounts: [
    {
      account_type: 'Investment',
      account_balance: 701598.8763108726,
      currency: 'POUNDS STERLING'
    },
    {
      account_type: 'Checking',
      account_balance: 796077.2812569926,
      currency: 'YEN'
    },
    {
      account_type: '401K',
      account_balance: 9929286.959907807,
      currency: 'PESO'
    }
  ]
}
{
  _id: ObjectId("641738cd863549711005bf05"),
  first_name: 'WAYNE',
  last_name: 'SMITH',
  accounts: [
    {
      account_type: 'Checking',
      account_balance: 8718134.743531529,
      currency: 'PESO'
    },
    {
      account_type: 'Savings',
      account_balance: 4750665.314403498,
      currency: 'POUNDS STERLING'
    },
    {
      account_type: 'Checking',
      account_balance: 5353076.090307696,
      currency: 'USD'
    },
    {
      account_type: 'Savings',
      account_balance: 870743.1787668297,
      currency: 'PESO'
    },
    {
      account_type: 'Investment',
      account_balance: 8979256.60094206,
      currency: 'YUAN'
    },
    {
      account_type: '401K',
      account_balance: 5637978.156680841,
      currency: 'YUAN'
    },
    {
      account_type: 'Savings',
      account_balance: 6639584.349077184,
      currency: 'YUAN'
    },
    {
      account_type: 'Checking',
      account_balance: 6246074.199986478,
      currency: 'USD'
    },
    {
      account_type: '401K',
      account_balance: 4843615.665957961,
      currency: 'PESO'
    }
  ]
}
{
  _id: ObjectId("641738cd863549711005bf06"),
  first_name: 'STEVE',
  last_name: 'SMITH',
  accounts: [
    {
      account_type: '401K',
      account_balance: 3826231.036020005,
      currency: 'YEN'
    },
    {
      account_type: '401K',
      account_balance: 8896281.649143375,
      currency: 'EURO'
    },
    {
      account_type: 'Investment',
      account_balance: 1537637.4031393086,
      currency: 'PESO'
    },
    {
      account_type: '401K',
      account_balance: 9273181.780520443,
      currency: 'YEN'
    },
    {
      account_type: 'Checking',
      account_balance: 9402436.199990101,
      currency: 'USD'
    },
    {
      account_type: 'Investment',
      account_balance: 4060454.081289488,
      currency: 'EURO'
    },
    {
      account_type: 'Savings',
      account_balance: 1429551.4058350318,
      currency: 'PESO'
    }
  ]
}
{
  _id: ObjectId("641738cd863549711005bf07"),
  first_name: 'LOUIS',
  last_name: 'SMITH',
  accounts: [
    {
      account_type: 'Savings',
      account_balance: 9305130.274378829,
      currency: 'EURO'
    },
    {
      account_type: 'Savings',
      account_balance: 8237458.165278263,
      currency: 'POUNDS STERLING'
    },
    {
      account_type: '401K',
      account_balance: 8975692.129453924,
      currency: 'POUNDS STERLING'
    },
    {
      account_type: 'Checking',
      account_balance: 829182.456682625,
      currency: 'YUAN'
    },
    {
      account_type: 'Savings',
      account_balance: 8337753.587160666,
      currency: 'YUAN'
    },
    {
      account_type: '401K',
      account_balance: 2771089.53097509,
      currency: 'USD'
    },
    {
      account_type: '401K',
      account_balance: 8493785.914486824,
      currency: 'PESO'
    },
    {
      account_type: 'Savings',
      account_balance: 643055.1791120963,
      currency: 'POUNDS STERLING'
    }
  ]
}
{
  _id: ObjectId("641738cd863549711005bf08"),
  first_name: 'ADAM',
  last_name: 'SMITH',
  accounts: [
    {
      account_type: 'Savings',
      account_balance: 5597781.230642234,
      currency: 'YEN'
    },
    {
      account_type: 'Savings',
      account_balance: 8132059.131121926,
      currency: 'PESO'
    },
    {
      account_type: 'Investment',
      account_balance: 4119261.279886257,
      currency: 'PESO'
    },
    {
      account_type: 'Savings',
      account_balance: 7065858.14599803,
      currency: 'EURO'
    },
    {
      account_type: 'Checking',
      account_balance: 8015977.744283954,
      currency: 'USD'
    },
    {
      account_type: 'Savings',
      account_balance: 7520386.551045405,
      currency: 'YEN'
    }
  ]
}
{
  _id: ObjectId("641738cd863549711005bf09"),
  first_name: 'RANDY',
  last_name: 'SMITH',
  accounts: [
    {
      account_type: '401K',
      account_balance: 9405881.052418716,
      currency: 'POUNDS STERLING'
    },
    {
      account_type: 'Checking',
      account_balance: 8640157.65699562,
      currency: 'EURO'
    },
    {
      account_type: '401K',
      account_balance: 1957383.5980403381,
      currency: 'EURO'
    },
    {
      account_type: 'Investment',
      account_balance: 4654358.139021369,
      currency: 'YUAN'
    },
    {
      account_type: 'Investment',
      account_balance: 9629331.986474104,
      currency: 'POUNDS STERLING'
    },
    {
      account_type: 'Checking',
      account_balance: 5197190.450928983,
      currency: 'YEN'
    }
  ]
}
{
  _id: ObjectId("641738cd863549711005bf0a"),
  first_name: 'EUGENE',
  last_name: 'SMITH',
  accounts: [
    {
      account_type: 'Savings',
      account_balance: 814479.4078971546,
      currency: 'YEN'
    },
    {
      account_type: 'Savings',
      account_balance: 457759.456102222,
      currency: 'YEN'
    }
  ]
}
{
  _id: ObjectId("641738cd863549711005bf0b"),
  first_name: 'HOWARD',
  last_name: 'SMITH',
  accounts: [
    {
      account_type: 'Investment',
      account_balance: 3746059.1902676197,
      currency: 'POUNDS STERLING'
    },
    {
      account_type: '401K',
      account_balance: 754415.2080037405,
      currency: 'YEN'
    },
    {
      account_type: '401K',
      account_balance: 1184064.8091044244,
      currency: 'YUAN'
    },
    {
      account_type: 'Investment',
      account_balance: 321560.6468475284,
      currency: 'YUAN'
    },
    {
      account_type: 'Investment',
      account_balance: 1318759.6815631196,
      currency: 'EURO'
    },
    {
      account_type: '401K',
      account_balance: 8192879.038673103,
      currency: 'USD'
    },
    {
      account_type: '401K',
      account_balance: 18680.030940330354,
      currency: 'USD'
    }
  ]
}
{
  _id: ObjectId("641738cd863549711005bf0c"),
  first_name: 'RUSSELL',
  last_name: 'SMITH',
  accounts: [
    {
      account_type: 'Savings',
      account_balance: 5147278.785999021,
      currency: 'PESO'
    },
    {
      account_type: 'Checking',
      account_balance: 5488293.159938371,
      currency: 'POUNDS STERLING'
    },
    {
      account_type: 'Checking',
      account_balance: 7188065.800058873,
      currency: 'YEN'
    },
    {
      account_type: 'Investment',
      account_balance: 9382680.456659064,
      currency: 'USD'
    },
    {
      account_type: 'Investment',
      account_balance: 560591.441865029,
      currency: 'USD'
    },
    {
      account_type: 'Checking',
      account_balance: 9832767.49887925,
      currency: 'YEN'
    }
  ]
}
{
  _id: ObjectId("641738cd863549711005bf0d"),
  first_name: 'MARTIN',
  last_name: 'SMITH',
  accounts: [
    {
      account_type: '401K',
      account_balance: 7241112.02637799,
      currency: 'YEN'
    },
    {
      account_type: 'Investment',
      account_balance: 750630.3926014036,
      currency: 'EURO'
    },
    {
      account_type: 'Investment',
      account_balance: 8336610.942951521,
      currency: 'PESO'
    },
    {
      account_type: 'Investment',
      account_balance: 9552143.44835496,
      currency: 'YEN'
    },
    {
      account_type: 'Investment',
      account_balance: 9195555.974854711,
      currency: 'USD'
    },
    {
      account_type: 'Checking',
      account_balance: 709649.7191134226,
      currency: 'PESO'
    },
    {
      account_type: 'Investment',
      account_balance: 6225702.07484091,
      currency: 'EURO'
    },
    {
      account_type: 'Checking',
      account_balance: 7382430.443370238,
      currency: 'EURO'
    }
  ]
}
{
  _id: ObjectId("641738cd863549711005bf0e"),
  first_name: 'BOBBY',
  last_name: 'SMITH',
  accounts: [
    {
      account_type: '401K',
      account_balance: 1294682.0827057175,
      currency: 'EURO'
    },
    {
      account_type: 'Investment',
      account_balance: 6348353.529675549,
      currency: 'YUAN'
    },
    {
      account_type: 'Checking',
      account_balance: 7823290.717769854,
      currency: 'PESO'
    }
  ]
}
{
  _id: ObjectId("641738cd863549711005bf0f"),
  first_name: 'JOHNNY',
  last_name: 'SMITH',
  accounts: [
    {
      account_type: 'Savings',
      account_balance: 8446771.828955682,
      currency: 'EURO'
    }
  ]
}
{
  _id: ObjectId("641738cd863549711005bf10"),
  first_name: 'CARLOS',
  last_name: 'SMITH',
  accounts: [
    {
      account_type: '401K',
      account_balance: 7008538.816556148,
      currency: 'PESO'
    },
    {
      account_type: 'Investment',
      account_balance: 8374585.46346579,
      currency: 'YEN'
    },
    {
      account_type: 'Savings',
      account_balance: 5544621.902192661,
      currency: 'USD'
    },
    {
      account_type: 'Savings',
      account_balance: 6688461.815316052,
      currency: 'EURO'
    },
    {
      account_type: 'Investment',
      account_balance: 1550725.9857766782,
      currency: 'YEN'
    },
    {
      account_type: 'Savings',
      account_balance: 1110822.8454611201,
      currency: 'POUNDS STERLING'
    },
    {
      account_type: 'Investment',
      account_balance: 7343729.277116241,
      currency: 'YEN'
    },
    {
      account_type: 'Investment',
      account_balance: 3738664.6108365655,
      currency: 'EURO'
    },
    {
      account_type: 'Savings',
      account_balance: 4246397.145601486,
      currency: 'EURO'
    }
  ]
}
{
  _id: ObjectId("641738cd863549711005bf11"),
  first_name: 'ERNEST',
  last_name: 'SMITH',
  accounts: [
    {
      account_type: 'Savings',
      account_balance: 7908379.592321927,
      currency: 'USD'
    },
    {
      account_type: 'Savings',
      account_balance: 7218993.431764101,
      currency: 'PESO'
    },
    {
      account_type: 'Savings',
      account_balance: 5246101.111829398,
      currency: 'YEN'
    },
    {
      account_type: 'Investment',
      account_balance: 3119252.1542057553,
      currency: 'POUNDS STERLING'
    },
    {
      account_type: 'Checking',
      account_balance: 3085832.5130876377,
      currency: 'EURO'
    },
    {
      account_type: 'Checking',
      account_balance: 8640990.850683842,
      currency: 'YEN'
    }
  ]
}
{
  _id: ObjectId("641738cd863549711005bf12"),
  first_name: 'EARL',
  last_name: 'SMITH',
  accounts: [
    {
      account_type: 'Savings',
      account_balance: 4258860.103048694,
      currency: 'EURO'
    },
    {
      account_type: 'Investment',
      account_balance: 8561724.855743071,
      currency: 'USD'
    }
  ]
}
{
  _id: ObjectId("641738cd863549711005bf13"),
  first_name: 'JIMMY',
  last_name: 'SMITH',
  accounts: [
    {
      account_type: 'Checking',
      account_balance: 4140390.0160723953,
      currency: 'YEN'
    },
    {
      account_type: 'Investment',
      account_balance: 6252566.137011867,
      currency: 'PESO'
    },
    {
      account_type: 'Savings',
      account_balance: 6787334.686345806,
      currency: 'PESO'
    }
  ]
}
{
  _id: ObjectId("641738cd863549711005bf15"),
  first_name: 'PHILLIP',
  last_name: 'SMITH',
  accounts: [
    {
      account_type: 'Checking',
      account_balance: 9015319.053537576,
      currency: 'EURO'
    },
    {
      account_type: '401K',
      account_balance: 2568909.848728569,
      currency: 'YEN'
    },
    {
      account_type: 'Investment',
      account_balance: 1767504.003565464,
      currency: 'YEN'
    },
    {
      account_type: 'Checking',
      account_balance: 4729369.634005941,
      currency: 'YUAN'
    },
    {
      account_type: '401K',
      account_balance: 5978714.747391947,
      currency: 'PESO'
    }
  ]
}
{
  _id: ObjectId("641738cd863549711005bf16"),
  first_name: 'TODD',
  last_name: 'SMITH',
  accounts: [
    {
      account_type: 'Savings',
      account_balance: 6811081.8752698405,
      currency: 'USD'
    },
    {
      account_type: '401K',
      account_balance: 5306183.43060169,
      currency: 'USD'
    },
    {
      account_type: '401K',
      account_balance: 307345.9253636927,
      currency: 'POUNDS STERLING'
    },
    {
      account_type: '401K',
      account_balance: 6787727.033880806,
      currency: 'YUAN'
    },
    {
      account_type: 'Investment',
      account_balance: 2817954.0205043377,
      currency: 'POUNDS STERLING'
    }
  ]
}
{
  _id: ObjectId("641738cd863549711005bf1f"),
  first_name: 'ALAN',
  last_name: 'SMITH',
  accounts: [
    {
      account_type: 'Savings',
      account_balance: 9689557.419243818,
      currency: 'YUAN'
    },
    {
      account_type: 'Savings',
      account_balance: 2826694.1048074523,
      currency: 'YUAN'
    }
  ]
}
{
  _id: ObjectId("641738cd863549711005bf20"),
  first_name: 'SHAWN',
  last_name: 'SMITH',
  accounts: [
    {
      account_type: 'Investment',
      account_balance: 3880964.9467324093,
      currency: 'YEN'
    }
  ]
}
{
  _id: ObjectId("641738cd863549711005bf21"),
  first_name: 'SEAN',
  last_name: 'SMITH',
  accounts: [
    {
      account_type: 'Checking',
      account_balance: 3938606.346114838,
      currency: 'USD'
    },
    {
      account_type: 'Checking',
      account_balance: 8386752.6422061045,
      currency: 'PESO'
    },
    {
      account_type: '401K',
      account_balance: 5706757.814382654,
      currency: 'YUAN'
    },
    {
      account_type: '401K',
      account_balance: 8759331.09966469,
      currency: 'USD'
    },
    {
      account_type: 'Checking',
      account_balance: 5993457.458873597,
      currency: 'USD'
    },
    {
      account_type: 'Checking',
      account_balance: 8504670.20582212,
      currency: 'YUAN'
    },
    {
      account_type: 'Investment',
      account_balance: 5311651.101490249,
      currency: 'YEN'
    }
  ]
}
{
  _id: ObjectId("641738cd863549711005bf22"),
  first_name: 'CHRIS',
  last_name: 'SMITH',
  accounts: [
    {
      account_type: 'Investment',
      account_balance: 9920646.066105584,
      currency: 'YUAN'
    },
    {
      account_type: 'Investment',
      account_balance: 5173869.102224689,
      currency: 'YEN'
    }
  ]
}
{
  _id: ObjectId("641738cd863549711005bf26"),
  first_name: 'CRAIG',
  last_name: 'SMITH',
  accounts: [
    {
      account_type: 'Savings',
      account_balance: 4225179.940764525,
      currency: 'EURO'
    },
    {
      account_type: 'Savings',
      account_balance: 6503446.6462188065,
      currency: 'YEN'
    }
  ]
}
{
  _id: ObjectId("641738cd863549711005bf27"),
  first_name: 'ANTONIO',
  last_name: 'SMITH',
  accounts: [
    {
      account_type: '401K',
      account_balance: 5958257.366658117,
      currency: 'EURO'
    },
    {
      account_type: 'Investment',
      account_balance: 8879958.502037097,
      currency: 'YEN'
    },
    {
      account_type: 'Savings',
      account_balance: 40573.729801390786,
      currency: 'YEN'
    },
    {
      account_type: 'Investment',
      account_balance: 9711570.783730526,
      currency: 'PESO'
    },
    {
      account_type: 'Checking',
      account_balance: 7746188.2105649365,
      currency: 'PESO'
    },
    {
      account_type: 'Checking',
      account_balance: 6144632.643763933,
      currency: 'EURO'
    },
    {
      account_type: 'Checking',
      account_balance: 406405.64762290707,
      currency: 'PESO'
    },
    {
      account_type: 'Checking',
      account_balance: 7867642.310651257,
      currency: 'PESO'
    }
  ]
}
{
  _id: ObjectId("641738cd863549711005bf29"),
  first_name: 'VICTOR',
  last_name: 'SMITH',
  accounts: [
    {
      account_type: 'Investment',
      account_balance: 1563523.811863635,
      currency: 'EURO'
    },
    {
      account_type: 'Checking',
      account_balance: 2557147.47628975,
      currency: 'EURO'
    },
    {
      account_type: 'Savings',
      account_balance: 2973630.2031286582,
      currency: 'POUNDS STERLING'
    },
    {
      account_type: 'Savings',
      account_balance: 9723364.315891268,
      currency: 'EURO'
    },
    {
      account_type: 'Savings',
      account_balance: 4035239.6799432067,
      currency: 'POUNDS STERLING'
    },
    {
      account_type: '401K',
      account_balance: 2026312.0484784048,
      currency: 'USD'
    }
  ]
}
{
  _id: ObjectId("641738cd863549711005bf2a"),
  first_name: 'CLARENCE',
  last_name: 'SMITH',
  accounts: [
    {
      account_type: 'Savings',
      account_balance: 671709.0219033749,
      currency: 'PESO'
    },
    {
      account_type: '401K',
      account_balance: 7766558.538258117,
      currency: 'YEN'
    },
    {
      account_type: 'Savings',
      account_balance: 4226238.754308805,
      currency: 'PESO'
    },
    {
      account_type: 'Savings',
      account_balance: 1159593.8312723748,
      currency: 'YUAN'
    },
    {
      account_type: '401K',
      account_balance: 8031744.044365328,
      currency: 'PESO'
    },
    {
      account_type: 'Savings',
      account_balance: 5976663.681921139,
      currency: 'YUAN'
    },
    {
      account_type: '401K',
      account_balance: 6225370.694003855,
      currency: 'YUAN'
    },
    {
      account_type: 'Savings',
      account_balance: 6595956.077114249,
      currency: 'EURO'
    },
    {
      account_type: 'Savings',
      account_balance: 6412734.334764839,
      currency: 'PESO'
    }
  ]
}
{
  _id: ObjectId("641738cd863549711005bf2b"),
  first_name: 'PHILIP',
  last_name: 'SMITH',
  accounts: [
    {
      account_type: 'Savings',
      account_balance: 9636237.423696352,
      currency: 'POUNDS STERLING'
    },
    {
      account_type: '401K',
      account_balance: 8431424.058212567,
      currency: 'POUNDS STERLING'
    },
    {
      account_type: 'Investment',
      account_balance: 5257262.550765347,
      currency: 'YEN'
    },
    {
      account_type: 'Checking',
      account_balance: 603446.8977762165,
      currency: 'PESO'
    },
    {
      account_type: 'Investment',
      account_balance: 9035847.249704592,
      currency: 'USD'
    },
    {
      account_type: 'Checking',
      account_balance: 1267505.417487238,
      currency: 'YEN'
    },
    {
      account_type: '401K',
      account_balance: 8297653.392931597,
      currency: 'POUNDS STERLING'
    },
    {
      account_type: 'Savings',
      account_balance: 7065907.09397935,
      currency: 'PESO'
    },
    {
      account_type: 'Investment',
      account_balance: 8421358.050092565,
      currency: 'POUNDS STERLING'
    }
  ]
}
{
  _id: ObjectId("641738cd863549711005bf2c"),
  first_name: 'JESSE',
  last_name: 'SMITH',
  accounts: [
    {
      account_type: '401K',
      account_balance: 6228235.018205168,
      currency: 'YUAN'
    },
    {
      account_type: 'Investment',
      account_balance: 2908487.9813747946,
      currency: 'POUNDS STERLING'
    },
    {
      account_type: 'Investment',
      account_balance: 4901979.839106901,
      currency: 'PESO'
    },
    {
      account_type: 'Checking',
      account_balance: 4142316.971181014,
      currency: 'POUNDS STERLING'
    },
    {
      account_type: 'Investment',
      account_balance: 5629530.381908378,
      currency: 'POUNDS STERLING'
    },
    {
      account_type: 'Investment',
      account_balance: 1041298.2275629817,
      currency: 'PESO'
    },
    {
      account_type: '401K',
      account_balance: 2826409.7604123247,
      currency: 'YUAN'
    },
    {
      account_type: '401K',
      account_balance: 8147981.735055368,
      currency: 'EURO'
    }
  ]
}

97 accounts>use one
switched to db one
98 one>db.presidents.find()
[
  {
    _id: ObjectId("641729ab50116b5eff9d901a"),
    name: 'Barack Obama',
    year: '2014'
  },
  {
    _id: ObjectId("641729ab50116b5eff9d901b"),
    name: 'Donald Trump',
    year: '2017'
  },
  {
    _id: ObjectId("641729ab50116b5eff9d901c"),
    name: 'Joe Biden',
    year: '2021'
  },
  { _id: ObjectId("65e92a45b1a4040b1f35443a"), flavor: 'vanilla' },
  { _id: ObjectId("65e92a47b1a4040b1f35443b"), flavor: 'vanilla' },
  { _id: ObjectId("65e92a48b1a4040b1f35443c"), flavor: 'vanilla' },
  { _id: 27, flavor: 'chocolate' },
  {
    _id: ObjectId("65e92c30b1a4040b1f35443d"),
    name: 'foo',
    year: '2024'
  },
  {
    _id: ObjectId("65e92c32b1a4040b1f35443e"),
    name: 'foo',
    year: '2024'
  },
  {
    _id: ObjectId("65e92c32b1a4040b1f35443f"),
    name: 'foo',
    year: '2024'
  },
  {
    _id: ObjectId("65e92c45b1a4040b1f354440"),
    name: 'foo',
    year: '2023'
  },
  {
    _id: ObjectId("65e92c4ab1a4040b1f354441"),
    name: 'foo',
    year: '2022'
  },
  {
    _id: ObjectId("65e92c6cb1a4040b1f354442"),
    name: 'bar',
    year: '2022'
  }
]
99 one>db.presidents.updateOne({name: 'bar'}, {$set: {name: 'Nikki Haley'}})
{
  acknowledged: true,
  insertedId: null,
  matchedCount: 1,
  modifiedCount: 1,
  upsertedCount: 0
}
100 one>db.presidents.find()
[
  {
    _id: ObjectId("641729ab50116b5eff9d901a"),
    name: 'Barack Obama',
    year: '2014'
  },
  {
    _id: ObjectId("641729ab50116b5eff9d901b"),
    name: 'Donald Trump',
    year: '2017'
  },
  {
    _id: ObjectId("641729ab50116b5eff9d901c"),
    name: 'Joe Biden',
    year: '2021'
  },
  { _id: ObjectId("65e92a45b1a4040b1f35443a"), flavor: 'vanilla' },
  { _id: ObjectId("65e92a47b1a4040b1f35443b"), flavor: 'vanilla' },
  { _id: ObjectId("65e92a48b1a4040b1f35443c"), flavor: 'vanilla' },
  { _id: 27, flavor: 'chocolate' },
  {
    _id: ObjectId("65e92c30b1a4040b1f35443d"),
    name: 'foo',
    year: '2024'
  },
  {
    _id: ObjectId("65e92c32b1a4040b1f35443e"),
    name: 'foo',
    year: '2024'
  },
  {
    _id: ObjectId("65e92c32b1a4040b1f35443f"),
    name: 'foo',
    year: '2024'
  },
  {
    _id: ObjectId("65e92c45b1a4040b1f354440"),
    name: 'foo',
    year: '2023'
  },
  {
    _id: ObjectId("65e92c4ab1a4040b1f354441"),
    name: 'foo',
    year: '2022'
  },
  {
    _id: ObjectId("65e92c6cb1a4040b1f354442"),
    name: 'Nikki Haley',
    year: '2022'
  }
]
101 one>db.presidents.updateOne({name: 'bar'}, {$set: {year: null}})
{
  acknowledged: true,
  insertedId: null,
  matchedCount: 0,
  modifiedCount: 0,
  upsertedCount: 0
}
102 one>db.presidents.find()
[
  {
    _id: ObjectId("641729ab50116b5eff9d901a"),
    name: 'Barack Obama',
    year: '2014'
  },
  {
    _id: ObjectId("641729ab50116b5eff9d901b"),
    name: 'Donald Trump',
    year: '2017'
  },
  {
    _id: ObjectId("641729ab50116b5eff9d901c"),
    name: 'Joe Biden',
    year: '2021'
  },
  { _id: ObjectId("65e92a45b1a4040b1f35443a"), flavor: 'vanilla' },
  { _id: ObjectId("65e92a47b1a4040b1f35443b"), flavor: 'vanilla' },
  { _id: ObjectId("65e92a48b1a4040b1f35443c"), flavor: 'vanilla' },
  { _id: 27, flavor: 'chocolate' },
  {
    _id: ObjectId("65e92c30b1a4040b1f35443d"),
    name: 'foo',
    year: '2024'
  },
  {
    _id: ObjectId("65e92c32b1a4040b1f35443e"),
    name: 'foo',
    year: '2024'
  },
  {
    _id: ObjectId("65e92c32b1a4040b1f35443f"),
    name: 'foo',
    year: '2024'
  },
  {
    _id: ObjectId("65e92c45b1a4040b1f354440"),
    name: 'foo',
    year: '2023'
  },
  {
    _id: ObjectId("65e92c4ab1a4040b1f354441"),
    name: 'foo',
    year: '2022'
  },
  {
    _id: ObjectId("65e92c6cb1a4040b1f354442"),
    name: 'Nikki Haley',
    year: '2022'
  }
]
103 one>db.presidents.updateOne({name: 'Nikki Haley'}, {$set: {year: null}})
{
  acknowledged: true,
  insertedId: null,
  matchedCount: 1,
  modifiedCount: 1,
  upsertedCount: 0
}
104 one>db.presidents.find()
[
  {
    _id: ObjectId("641729ab50116b5eff9d901a"),
    name: 'Barack Obama',
    year: '2014'
  },
  {
    _id: ObjectId("641729ab50116b5eff9d901b"),
    name: 'Donald Trump',
    year: '2017'
  },
  {
    _id: ObjectId("641729ab50116b5eff9d901c"),
    name: 'Joe Biden',
    year: '2021'
  },
  { _id: ObjectId("65e92a45b1a4040b1f35443a"), flavor: 'vanilla' },
  { _id: ObjectId("65e92a47b1a4040b1f35443b"), flavor: 'vanilla' },
  { _id: ObjectId("65e92a48b1a4040b1f35443c"), flavor: 'vanilla' },
  { _id: 27, flavor: 'chocolate' },
  {
    _id: ObjectId("65e92c30b1a4040b1f35443d"),
    name: 'foo',
    year: '2024'
  },
  {
    _id: ObjectId("65e92c32b1a4040b1f35443e"),
    name: 'foo',
    year: '2024'
  },
  {
    _id: ObjectId("65e92c32b1a4040b1f35443f"),
    name: 'foo',
    year: '2024'
  },
  {
    _id: ObjectId("65e92c45b1a4040b1f354440"),
    name: 'foo',
    year: '2023'
  },
  {
    _id: ObjectId("65e92c4ab1a4040b1f354441"),
    name: 'foo',
    year: '2022'
  },
  {
    _id: ObjectId("65e92c6cb1a4040b1f354442"),
    name: 'Nikki Haley',
    year: null
  }
]
105 one>db.presidents.updateOne({name: 'Nikki Haley'}, {$unset: {year: null}})
{
  acknowledged: true,
  insertedId: null,
  matchedCount: 1,
  modifiedCount: 1,
  upsertedCount: 0
}
106 one>db.presidents.find()
[
  {
    _id: ObjectId("641729ab50116b5eff9d901a"),
    name: 'Barack Obama',
    year: '2014'
  },
  {
    _id: ObjectId("641729ab50116b5eff9d901b"),
    name: 'Donald Trump',
    year: '2017'
  },
  {
    _id: ObjectId("641729ab50116b5eff9d901c"),
    name: 'Joe Biden',
    year: '2021'
  },
  { _id: ObjectId("65e92a45b1a4040b1f35443a"), flavor: 'vanilla' },
  { _id: ObjectId("65e92a47b1a4040b1f35443b"), flavor: 'vanilla' },
  { _id: ObjectId("65e92a48b1a4040b1f35443c"), flavor: 'vanilla' },
  { _id: 27, flavor: 'chocolate' },
  {
    _id: ObjectId("65e92c30b1a4040b1f35443d"),
    name: 'foo',
    year: '2024'
  },
  {
    _id: ObjectId("65e92c32b1a4040b1f35443e"),
    name: 'foo',
    year: '2024'
  },
  {
    _id: ObjectId("65e92c32b1a4040b1f35443f"),
    name: 'foo',
    year: '2024'
  },
  {
    _id: ObjectId("65e92c45b1a4040b1f354440"),
    name: 'foo',
    year: '2023'
  },
  {
    _id: ObjectId("65e92c4ab1a4040b1f354441"),
    name: 'foo',
    year: '2022'
  },
  { _id: ObjectId("65e92c6cb1a4040b1f354442"), name: 'Nikki Haley' }
]
107 one>db.people.find()
[
  {
    _id: ObjectId("641b956fd601eab38a556065"),
    name: 'Joe',
    age: 50,
    position: 'Software Engineer',
    salary: 110000.00000000001,
    references: [ 'mike' ]
  },
  {
    _id: ObjectId("641b956fd601eab38a556066"),
    name: 'sam',
    age: 45,
    position: 'Software Engineer',
    salary: 110000.00000000001,
    references: [ 'alex', 'mike' ]
  },
  {
    _id: ObjectId("641b956fd601eab38a556067"),
    name: 'kamala',
    age: 55,
    position: 'Software Engineer',
    salary: 110000.00000000001,
    references: [ 'alex' ]
  },
  {
    _id: ObjectId("641b9626d601eab38a556068"),
    name: 'Joe',
    age: 50,
    position: 'president',
    salary: 200000,
    references: [ 'alex', 'mike' ]
  }
]
108 one>db.pcs.insertMany({name: 'Joe', age: 100}, {name: 'Kamala', age: 50}, {name: 'Donald', age: 80})
MongoInvalidArgumentError: Argument "docs" must be an array of documents
109 one>db.pcs.insertMany([{name: 'Joe', age: 100}, {name: 'Kamala', age: 50}, {name: 'Donald', age: 80}])
{
  acknowledged: true,
  insertedIds: {
    '0': ObjectId("65e93048b1a4040b1f354443"),
    '1': ObjectId("65e93048b1a4040b1f354444"),
    '2': ObjectId("65e93048b1a4040b1f354445")
  }
}
110 one>db.pcs.find()
[
  { _id: ObjectId("65e93048b1a4040b1f354443"), name: 'Joe', age: 100 },
  {
    _id: ObjectId("65e93048b1a4040b1f354444"),
    name: 'Kamala',
    age: 50
  },
  {
    _id: ObjectId("65e93048b1a4040b1f354445"),
    name: 'Donald',
    age: 80
  }
]
111 one>db.people.updateMany({}, {$inc: {age: 1}})
{
  acknowledged: true,
  insertedId: null,
  matchedCount: 4,
  modifiedCount: 4,
  upsertedCount: 0
}
112 one>db.pcs.find()
[
  { _id: ObjectId("65e93048b1a4040b1f354443"), name: 'Joe', age: 100 },
  {
    _id: ObjectId("65e93048b1a4040b1f354444"),
    name: 'Kamala',
    age: 50
  },
  {
    _id: ObjectId("65e93048b1a4040b1f354445"),
    name: 'Donald',
    age: 80
  }
]
113 one>db.pcs.updateMany({}, {$inc: {age: 1}})
{
  acknowledged: true,
  insertedId: null,
  matchedCount: 3,
  modifiedCount: 3,
  upsertedCount: 0
}
114 one>db.pcs.find()
[
  { _id: ObjectId("65e93048b1a4040b1f354443"), name: 'Joe', age: 101 },
  {
    _id: ObjectId("65e93048b1a4040b1f354444"),
    name: 'Kamala',
    age: 51
  },
  {
    _id: ObjectId("65e93048b1a4040b1f354445"),
    name: 'Donald',
    age: 81
  }
]
115 one>db.pcs.updateMany({}, {$inc: {age: -1}})
{
  acknowledged: true,
  insertedId: null,
  matchedCount: 3,
  modifiedCount: 3,
  upsertedCount: 0
}
116 one>db.pcs.find()
[
  { _id: ObjectId("65e93048b1a4040b1f354443"), name: 'Joe', age: 100 },
  {
    _id: ObjectId("65e93048b1a4040b1f354444"),
    name: 'Kamala',
    age: 50
  },
  {
    _id: ObjectId("65e93048b1a4040b1f354445"),
    name: 'Donald',
    age: 80
  }
]
117 one>db.pcs.updateMany({}, {$set: {position: 'Software Engineers', salary: 100000}})
{
  acknowledged: true,
  insertedId: null,
  matchedCount: 3,
  modifiedCount: 3,
  upsertedCount: 0
}
118 one>db.pcs.find()
[
  {
    _id: ObjectId("65e93048b1a4040b1f354443"),
    name: 'Joe',
    age: 100,
    position: 'Software Engineers',
    salary: 100000
  },
  {
    _id: ObjectId("65e93048b1a4040b1f354444"),
    name: 'Kamala',
    age: 50,
    position: 'Software Engineers',
    salary: 100000
  },
  {
    _id: ObjectId("65e93048b1a4040b1f354445"),
    name: 'Donald',
    age: 80,
    position: 'Software Engineers',
    salary: 100000
  }
]
119 one>db.pcs.insertOne({name: 'Nikki', age: 50, position: 'Unemployed', salary: 1})
{
  acknowledged: true,
  insertedId: ObjectId("65e93136b1a4040b1f354446")
}
120 one>db.pcs.find()
[
  {
    _id: ObjectId("65e93048b1a4040b1f354443"),
    name: 'Joe',
    age: 100,
    position: 'Software Engineers',
    salary: 100000
  },
  {
    _id: ObjectId("65e93048b1a4040b1f354444"),
    name: 'Kamala',
    age: 50,
    position: 'Software Engineers',
    salary: 100000
  },
  {
    _id: ObjectId("65e93048b1a4040b1f354445"),
    name: 'Donald',
    age: 80,
    position: 'Software Engineers',
    salary: 100000
  },
  {
    _id: ObjectId("65e93136b1a4040b1f354446"),
    name: 'Nikki',
    age: 50,
    position: 'Unemployed',
    salary: 1
  }
]
121 one>db.pcs.updateMany({position: 'Software Engineers'}, {$mul: {salary: 1.1}))
Uncaught:
SyntaxError: Unexpected token, expected "," (1:72)

> 1 | db.pcs.updateMany({position: 'Software Engineers'}, {$mul: {salary: 1.1}))
    |                                                                         ^
  2 |

122 one>db.pcs.updateMany({position: 'Software Engineers'}, {$mul: {salary: 1.1}})
{
  acknowledged: true,
  insertedId: null,
  matchedCount: 3,
  modifiedCount: 3,
  upsertedCount: 0
}
123 one>db.pcs.find()
[
  {
    _id: ObjectId("65e93048b1a4040b1f354443"),
    name: 'Joe',
    age: 100,
    position: 'Software Engineers',
    salary: 110000.00000000001
  },
  {
    _id: ObjectId("65e93048b1a4040b1f354444"),
    name: 'Kamala',
    age: 50,
    position: 'Software Engineers',
    salary: 110000.00000000001
  },
  {
    _id: ObjectId("65e93048b1a4040b1f354445"),
    name: 'Donald',
    age: 80,
    position: 'Software Engineers',
    salary: 110000.00000000001
  },
  {
    _id: ObjectId("65e93136b1a4040b1f354446"),
    name: 'Nikki',
    age: 50,
    position: 'Unemployed',
    salary: 1
  }
]
124 one>db.pcs.find({salary: {$gt: 100}})
[
  {
    _id: ObjectId("65e93048b1a4040b1f354443"),
    name: 'Joe',
    age: 100,
    position: 'Software Engineers',
    salary: 110000.00000000001
  },
  {
    _id: ObjectId("65e93048b1a4040b1f354444"),
    name: 'Kamala',
    age: 50,
    position: 'Software Engineers',
    salary: 110000.00000000001
  },
  {
    _id: ObjectId("65e93048b1a4040b1f354445"),
    name: 'Donald',
    age: 80,
    position: 'Software Engineers',
    salary: 110000.00000000001
  }
]
125 one>db.pcs.find({salary: {$lt: 100}})
[
  {
    _id: ObjectId("65e93136b1a4040b1f354446"),
    name: 'Nikki',
    age: 50,
    position: 'Unemployed',
    salary: 1
  }
]
126 one>db.pcs.find({salary: {$lt: 110000.00000000001}})
[
  {
    _id: ObjectId("65e93136b1a4040b1f354446"),
    name: 'Nikki',
    age: 50,
    position: 'Unemployed',
    salary: 1
  }
]
127 one>db.pcs.find({salary: {$lte: 110000.00000000001}})
[
  {
    _id: ObjectId("65e93048b1a4040b1f354443"),
    name: 'Joe',
    age: 100,
    position: 'Software Engineers',
    salary: 110000.00000000001
  },
  {
    _id: ObjectId("65e93048b1a4040b1f354444"),
    name: 'Kamala',
    age: 50,
    position: 'Software Engineers',
    salary: 110000.00000000001
  },
  {
    _id: ObjectId("65e93048b1a4040b1f354445"),
    name: 'Donald',
    age: 80,
    position: 'Software Engineers',
    salary: 110000.00000000001
  },
  {
    _id: ObjectId("65e93136b1a4040b1f354446"),
    name: 'Nikki',
    age: 50,
    position: 'Unemployed',
    salary: 1
  }
]
128 one>db.pcs.find({salary: {$gt: 110000.00000000001}})

129 one>db.pcs.find({salary: {$gte: 110000.00000000001}})
[
  {
    _id: ObjectId("65e93048b1a4040b1f354443"),
    name: 'Joe',
    age: 100,
    position: 'Software Engineers',
    salary: 110000.00000000001
  },
  {
    _id: ObjectId("65e93048b1a4040b1f354444"),
    name: 'Kamala',
    age: 50,
    position: 'Software Engineers',
    salary: 110000.00000000001
  },
  {
    _id: ObjectId("65e93048b1a4040b1f354445"),
    name: 'Donald',
    age: 80,
    position: 'Software Engineers',
    salary: 110000.00000000001
  }
]
130 one>db.pcs.find({salary: {$ne: 110000.00000000001}})
[
  {
    _id: ObjectId("65e93136b1a4040b1f354446"),
    name: 'Nikki',
    age: 50,
    position: 'Unemployed',
    salary: 1
  }
]
131 one>db.pcs.find({salary: {$eq: 110000.00000000001}})
[
  {
    _id: ObjectId("65e93048b1a4040b1f354443"),
    name: 'Joe',
    age: 100,
    position: 'Software Engineers',
    salary: 110000.00000000001
  },
  {
    _id: ObjectId("65e93048b1a4040b1f354444"),
    name: 'Kamala',
    age: 50,
    position: 'Software Engineers',
    salary: 110000.00000000001
  },
  {
    _id: ObjectId("65e93048b1a4040b1f354445"),
    name: 'Donald',
    age: 80,
    position: 'Software Engineers',
    salary: 110000.00000000001
  }
]
132 one>db.pcs.find({$and: [{salary: {lt: 200000000}, {position: {$eq: 'Software Engineers'}}}]})
Uncaught:
SyntaxError: Unexpected token (1:46)

> 1 | db.pcs.find({$and: [{salary: {lt: 200000000}, {position: {$eq: 'Software Engineers'}}}]})
    |                                               ^
  2 |

133 one>db.pcs.find({$and: [{salary: {lt: 200000000}, {position: {$eq: 'Software Engineers'}}}]})
Uncaught:
SyntaxError: Unexpected token (1:46)

> 1 | db.pcs.find({$and: [{salary: {lt: 200000000}, {position: {$eq: 'Software Engineers'}}}]})
    |                                               ^
  2 |

134 one>db.pcs.find({$and: [{salary: {lt: 200000000}}, {position: {$eq: 'Software Engineers'}}]})

135 one>db.pcs.find({$and: [{salary: {$lt: 200000000}}, {position: {$eq: 'Software Engineers'}}]})
[
  {
    _id: ObjectId("65e93048b1a4040b1f354443"),
    name: 'Joe',
    age: 100,
    position: 'Software Engineers',
    salary: 110000.00000000001
  },
  {
    _id: ObjectId("65e93048b1a4040b1f354444"),
    name: 'Kamala',
    age: 50,
    position: 'Software Engineers',
    salary: 110000.00000000001
  },
  {
    _id: ObjectId("65e93048b1a4040b1f354445"),
    name: 'Donald',
    age: 80,
    position: 'Software Engineers',
    salary: 110000.00000000001
  }
]
136 one>db.pcs.find({$and: [{salary: {$lt: 200000000}}, {position: {$neq: 'Software Engineers'}}]})
MongoServerError: unknown operator: $neq
137 one>db.pcs.find({$and: [{salary: {$lt: 200000000}}, {position: {$ne: 'Software Engineers'}}]})
[
  {
    _id: ObjectId("65e93136b1a4040b1f354446"),
    name: 'Nikki',
    age: 50,
    position: 'Unemployed',
    salary: 1
  }
]
138 one>db.pcs.find({$or: [{salary: {$lt: 200000000}}, {position: {$ne: 'Software Engineers'}}]})
[
  {
    _id: ObjectId("65e93048b1a4040b1f354443"),
    name: 'Joe',
    age: 100,
    position: 'Software Engineers',
    salary: 110000.00000000001
  },
  {
    _id: ObjectId("65e93048b1a4040b1f354444"),
    name: 'Kamala',
    age: 50,
    position: 'Software Engineers',
    salary: 110000.00000000001
  },
  {
    _id: ObjectId("65e93048b1a4040b1f354445"),
    name: 'Donald',
    age: 80,
    position: 'Software Engineers',
    salary: 110000.00000000001
  },
  {
    _id: ObjectId("65e93136b1a4040b1f354446"),
    name: 'Nikki',
    age: 50,
    position: 'Unemployed',
    salary: 1
  }
]
139 one>db.pcs.updateMany({}, {$set: {references: ['Joe', 'Sam']}})
{
  acknowledged: true,
  insertedId: null,
  matchedCount: 4,
  modifiedCount: 4,
  upsertedCount: 0
}
140 one>db.pcs.find()
[
  {
    _id: ObjectId("65e93048b1a4040b1f354443"),
    name: 'Joe',
    age: 100,
    position: 'Software Engineers',
    salary: 110000.00000000001,
    references: [ 'Joe', 'Sam' ]
  },
  {
    _id: ObjectId("65e93048b1a4040b1f354444"),
    name: 'Kamala',
    age: 50,
    position: 'Software Engineers',
    salary: 110000.00000000001,
    references: [ 'Joe', 'Sam' ]
  },
  {
    _id: ObjectId("65e93048b1a4040b1f354445"),
    name: 'Donald',
    age: 80,
    position: 'Software Engineers',
    salary: 110000.00000000001,
    references: [ 'Joe', 'Sam' ]
  },
  {
    _id: ObjectId("65e93136b1a4040b1f354446"),
    name: 'Nikki',
    age: 50,
    position: 'Unemployed',
    salary: 1,
    references: [ 'Joe', 'Sam' ]
  }
]
141 one>db.pcs.updateOne({name: 'Joe'}, {$push: {references: 'Danny'}})
{
  acknowledged: true,
  insertedId: null,
  matchedCount: 1,
  modifiedCount: 1,
  upsertedCount: 0
}
142 one>db.pcs.find()
[
  {
    _id: ObjectId("65e93048b1a4040b1f354443"),
    name: 'Joe',
    age: 100,
    position: 'Software Engineers',
    salary: 110000.00000000001,
    references: [ 'Joe', 'Sam', 'Danny' ]
  },
  {
    _id: ObjectId("65e93048b1a4040b1f354444"),
    name: 'Kamala',
    age: 50,
    position: 'Software Engineers',
    salary: 110000.00000000001,
    references: [ 'Joe', 'Sam' ]
  },
  {
    _id: ObjectId("65e93048b1a4040b1f354445"),
    name: 'Donald',
    age: 80,
    position: 'Software Engineers',
    salary: 110000.00000000001,
    references: [ 'Joe', 'Sam' ]
  },
  {
    _id: ObjectId("65e93136b1a4040b1f354446"),
    name: 'Nikki',
    age: 50,
    position: 'Unemployed',
    salary: 1,
    references: [ 'Joe', 'Sam' ]
  }
]
143 one>db.pcs.updateOne({name: 'Joe'}, {$pop: {references: 1}})
{
  acknowledged: true,
  insertedId: null,
  matchedCount: 1,
  modifiedCount: 1,
  upsertedCount: 0
}
144 one>db.pcs.find()
[
  {
    _id: ObjectId("65e93048b1a4040b1f354443"),
    name: 'Joe',
    age: 100,
    position: 'Software Engineers',
    salary: 110000.00000000001,
    references: [ 'Joe', 'Sam' ]
  },
  {
    _id: ObjectId("65e93048b1a4040b1f354444"),
    name: 'Kamala',
    age: 50,
    position: 'Software Engineers',
    salary: 110000.00000000001,
    references: [ 'Joe', 'Sam' ]
  },
  {
    _id: ObjectId("65e93048b1a4040b1f354445"),
    name: 'Donald',
    age: 80,
    position: 'Software Engineers',
    salary: 110000.00000000001,
    references: [ 'Joe', 'Sam' ]
  },
  {
    _id: ObjectId("65e93136b1a4040b1f354446"),
    name: 'Nikki',
    age: 50,
    position: 'Unemployed',
    salary: 1,
    references: [ 'Joe', 'Sam' ]
  }
]
145 one>db.pcs.updateOne({name: 'Joe'}, {$pop: {references: -1}})
{
  acknowledged: true,
  insertedId: null,
  matchedCount: 1,
  modifiedCount: 1,
  upsertedCount: 0
}
146 one>db.pcs.find()
[
  {
    _id: ObjectId("65e93048b1a4040b1f354443"),
    name: 'Joe',
    age: 100,
    position: 'Software Engineers',
    salary: 110000.00000000001,
    references: [ 'Sam' ]
  },
  {
    _id: ObjectId("65e93048b1a4040b1f354444"),
    name: 'Kamala',
    age: 50,
    position: 'Software Engineers',
    salary: 110000.00000000001,
    references: [ 'Joe', 'Sam' ]
  },
  {
    _id: ObjectId("65e93048b1a4040b1f354445"),
    name: 'Donald',
    age: 80,
    position: 'Software Engineers',
    salary: 110000.00000000001,
    references: [ 'Joe', 'Sam' ]
  },
  {
    _id: ObjectId("65e93136b1a4040b1f354446"),
    name: 'Nikki',
    age: 50,
    position: 'Unemployed',
    salary: 1,
    references: [ 'Joe', 'Sam' ]
  }
]
147 one>db.pcs.updateOne({name: 'Joe'}, {$push: {references: 'Danny'}})
{
  acknowledged: true,
  insertedId: null,
  matchedCount: 1,
  modifiedCount: 1,
  upsertedCount: 0
}
148 one>db.pcs.updateOne({name: 'Joe'}, {$push: {references: 'foo'}})
{
  acknowledged: true,
  insertedId: null,
  matchedCount: 1,
  modifiedCount: 1,
  upsertedCount: 0
}
149 one>db.pcs.find()
[
  {
    _id: ObjectId("65e93048b1a4040b1f354443"),
    name: 'Joe',
    age: 100,
    position: 'Software Engineers',
    salary: 110000.00000000001,
    references: [ 'Sam', 'Danny', 'foo' ]
  },
  {
    _id: ObjectId("65e93048b1a4040b1f354444"),
    name: 'Kamala',
    age: 50,
    position: 'Software Engineers',
    salary: 110000.00000000001,
    references: [ 'Joe', 'Sam' ]
  },
  {
    _id: ObjectId("65e93048b1a4040b1f354445"),
    name: 'Donald',
    age: 80,
    position: 'Software Engineers',
    salary: 110000.00000000001,
    references: [ 'Joe', 'Sam' ]
  },
  {
    _id: ObjectId("65e93136b1a4040b1f354446"),
    name: 'Nikki',
    age: 50,
    position: 'Unemployed',
    salary: 1,
    references: [ 'Joe', 'Sam' ]
  }
]
150 one>db.pcs.updateOne({name: 'Joe'}, {$pull: {references: 'Danny'}})
{
  acknowledged: true,
  insertedId: null,
  matchedCount: 1,
  modifiedCount: 1,
  upsertedCount: 0
}
151 one>db.pcs.find()
[
  {
    _id: ObjectId("65e93048b1a4040b1f354443"),
    name: 'Joe',
    age: 100,
    position: 'Software Engineers',
    salary: 110000.00000000001,
    references: [ 'Sam', 'foo' ]
  },
  {
    _id: ObjectId("65e93048b1a4040b1f354444"),
    name: 'Kamala',
    age: 50,
    position: 'Software Engineers',
    salary: 110000.00000000001,
    references: [ 'Joe', 'Sam' ]
  },
  {
    _id: ObjectId("65e93048b1a4040b1f354445"),
    name: 'Donald',
    age: 80,
    position: 'Software Engineers',
    salary: 110000.00000000001,
    references: [ 'Joe', 'Sam' ]
  },
  {
    _id: ObjectId("65e93136b1a4040b1f354446"),
    name: 'Nikki',
    age: 50,
    position: 'Unemployed',
    salary: 1,
    references: [ 'Joe', 'Sam' ]
  }
]
152 one>db.pcs.drop()
true
153 one>show collections
people
presidents
things
154 one>use toDrop
switched to db toDrop
155 toDrop>db.foo.insertMany({},{})
MongoInvalidArgumentError: Argument "docs" must be an array of documents
156 toDrop>db.foo.insertMany([{},{}])
{
  acknowledged: true,
  insertedIds: {
    '0': ObjectId("65e934abb1a4040b1f354447"),
    '1': ObjectId("65e934abb1a4040b1f354448")
  }
}
157 toDrop>show dbs
accounts    6.12 MiB
admin      40.00 KiB
blog      228.00 KiB
config    108.00 KiB
contacts   80.00 KiB
foo        72.00 KiB
local     112.00 KiB
one       184.00 KiB
recipes    40.00 KiB
test       40.00 KiB
toDrop      8.00 KiB
158 toDrop>show collections
foo
159 toDrop>db.dropDatabase()
{ ok: 1, dropped: 'toDrop' }
160 toDrop>show dbs
accounts    6.12 MiB
admin      40.00 KiB
blog      228.00 KiB
config    108.00 KiB
contacts   80.00 KiB
foo        72.00 KiB
local     112.00 KiB
one       184.00 KiB
recipes    40.00 KiB
test       40.00 KiB
161 toDrop>
(To exit, press Ctrl+C again or Ctrl+D or type .exit)
161 toDrop>show collections
161 toDrop>
